============================= test session starts ==============================
platform linux -- Python 3.12.0, pytest-8.3.4, pluggy-1.5.0 -- /home/taki/gi-loadouts/venv/bin/python3.12
cachedir: .pytest_cache
PySide6 6.8.2.1 -- Qt runtime 6.8.2 -- Qt compiled 6.8.2
rootdir: /home/taki/gi-loadouts
configfile: pyproject.toml
plugins: qt-4.4.0, cov-6.0.0, mock-3.14.0
collecting ... collected 1341 items

test/data/test_arti.py::test_arti[data.arti: Adventurer] PASSED          [  0%]
test/data/test_arti.py::test_arti[data.arti: Archaic Petra0] PASSED      [  0%]
test/data/test_arti.py::test_arti[data.arti: Berserker] PASSED           [  0%]
test/data/test_arti.py::test_arti[data.arti: Blizzard Strayer] PASSED    [  0%]
test/data/test_arti.py::test_arti[data.arti: Bloodstained Chivalry] PASSED [  0%]
test/data/test_arti.py::test_arti[data.arti: Brave Heart] PASSED         [  0%]
test/data/test_arti.py::test_arti[data.arti: Crimson Witch of Flames] PASSED [  0%]
test/data/test_arti.py::test_arti[data.arti: Deepwood Memories] PASSED   [  0%]
test/data/test_arti.py::test_arti[data.arti: Defender's Will] PASSED     [  0%]
test/data/test_arti.py::test_arti[data.arti: Desert Pavilion Chronicle] PASSED [  0%]
test/data/test_arti.py::test_arti[data.arti: Archaic Petra1] PASSED      [  0%]
test/data/test_arti.py::test_arti[data.arti: Emblem of Severed Fate] PASSED [  0%]
test/data/test_arti.py::test_arti[data.arti: Flower of Paradise Lost] PASSED [  0%]
test/data/test_arti.py::test_arti[data.arti: Fragment of Harmonic Whimsy] PASSED [  1%]
test/data/test_arti.py::test_arti[data.arti: Gambler] PASSED             [  1%]
test/data/test_arti.py::test_arti[data.arti: Gilded Dreams] PASSED       [  1%]
test/data/test_arti.py::test_arti[data.arti: Gladiator's Finale] PASSED  [  1%]
test/data/test_arti.py::test_arti[data.arti: Golden Troupe] PASSED       [  1%]
test/data/test_arti.py::test_arti[data.arti: Heart of Depth] PASSED      [  1%]
test/data/test_arti.py::test_arti[data.arti: Husk of Opulent Dreams] PASSED [  1%]
test/data/test_arti.py::test_arti[data.arti: Instructor] PASSED          [  1%]
test/data/test_arti.py::test_arti[data.arti: Lavawalker] PASSED          [  1%]
test/data/test_arti.py::test_arti[data.arti: Lucky Dog] PASSED           [  1%]
test/data/test_arti.py::test_arti[data.arti: Maiden Beloved] PASSED      [  1%]
test/data/test_arti.py::test_arti[data.arti: Marechaussee Hunter] PASSED [  1%]
test/data/test_arti.py::test_arti[data.arti: Martial Artist] PASSED      [  1%]
test/data/test_arti.py::test_arti[data.arti: Nighttime Whispers in the Echoing Woods] PASSED [  2%]
test/data/test_arti.py::test_arti[data.arti: Noblesse Oblige] PASSED     [  2%]
test/data/test_arti.py::test_arti[data.arti: Nymph's Dream] PASSED       [  2%]
test/data/test_arti.py::test_arti[data.arti: Obsidian Codex] PASSED      [  2%]
test/data/test_arti.py::test_arti[data.arti: Ocean-Hued Clam] PASSED     [  2%]
test/data/test_arti.py::test_arti[data.arti: Pale Flame] PASSED          [  2%]
test/data/test_arti.py::test_arti[data.arti: Resolution of Sojourner] PASSED [  2%]
test/data/test_arti.py::test_arti[data.arti: Retracing Bolide] PASSED    [  2%]
test/data/test_arti.py::test_arti[data.arti: Scholar] PASSED             [  2%]
test/data/test_arti.py::test_arti[data.arti: Scroll of the Hero of Cinder City] PASSED [  2%]
test/data/test_arti.py::test_arti[data.arti: Shimenawa's Reminiscence] PASSED [  2%]
test/data/test_arti.py::test_arti[data.arti: Song of Days Past] PASSED   [  2%]
test/data/test_arti.py::test_arti[data.arti: Tenacity of the Millelith] PASSED [  2%]
test/data/test_arti.py::test_arti[data.arti: The Exile] PASSED           [  2%]
test/data/test_arti.py::test_arti[data.arti: Thundering Fury] PASSED     [  3%]
test/data/test_arti.py::test_arti[data.arti: Thundersoother] PASSED      [  3%]
test/data/test_arti.py::test_arti[data.arti: Tiny Miracle] PASSED        [  3%]
test/data/test_arti.py::test_arti[data.arti: Traveling Doctor] PASSED    [  3%]
test/data/test_arti.py::test_arti[data.arti: Unfinished Reverie] PASSED  [  3%]
test/data/test_arti.py::test_arti[data.arti: Vermillion Hereafter] PASSED [  3%]
test/data/test_arti.py::test_arti[data.arti: Viridescent Venerer] PASSED [  3%]
test/data/test_arti.py::test_arti[data.arti: Vourukasha's Glow] PASSED   [  3%]
test/data/test_arti.py::test_arti[data.arti: Wanderer's Troupe] PASSED   [  3%]
test/data/test_char.py::test_char[data.char: Aether] PASSED              [  3%]
test/data/test_char.py::test_char[data.char: Albedo] PASSED              [  3%]
test/data/test_char.py::test_char[data.char: Alhaitham] PASSED           [  3%]
test/data/test_char.py::test_char[data.char: Aloy] PASSED                [  3%]
test/data/test_char.py::test_char[data.char: Amber] PASSED               [  4%]
test/data/test_char.py::test_char[data.char: Arataki Itto] PASSED        [  4%]
test/data/test_char.py::test_char[data.char: Arlecchino] PASSED          [  4%]
test/data/test_char.py::test_char[data.char: Baizhu] PASSED              [  4%]
test/data/test_char.py::test_char[data.char: Barbara] PASSED             [  4%]
test/data/test_char.py::test_char[data.char: Beidou] PASSED              [  4%]
test/data/test_char.py::test_char[data.char: Bennett] PASSED             [  4%]
test/data/test_char.py::test_char[data.char: Candace] PASSED             [  4%]
test/data/test_char.py::test_char[data.char: Charlotte] PASSED           [  4%]
test/data/test_char.py::test_char[data.char: Chasca] PASSED              [  4%]
test/data/test_char.py::test_char[data.char: Chevreuse] PASSED           [  4%]
test/data/test_char.py::test_char[data.char: Chiori] PASSED              [  4%]
test/data/test_char.py::test_char[data.char: Chongyun] PASSED            [  4%]
test/data/test_char.py::test_char[data.char: Clorinde] PASSED            [  4%]
test/data/test_char.py::test_char[data.char: Collei] PASSED              [  5%]
test/data/test_char.py::test_char[data.char: Cyno] PASSED                [  5%]
test/data/test_char.py::test_char[data.char: Dehya] PASSED               [  5%]
test/data/test_char.py::test_char[data.char: Diluc] PASSED               [  5%]
test/data/test_char.py::test_char[data.char: Diona] PASSED               [  5%]
test/data/test_char.py::test_char[data.char: Dori] PASSED                [  5%]
test/data/test_char.py::test_char[data.char: Emilie] PASSED              [  5%]
test/data/test_char.py::test_char[data.char: Eula] PASSED                [  5%]
test/data/test_char.py::test_char[data.char: Faruzan0] PASSED            [  5%]
test/data/test_char.py::test_char[data.char: Faruzan1] PASSED            [  5%]
test/data/test_char.py::test_char[data.char: Freminet] PASSED            [  5%]
test/data/test_char.py::test_char[data.char: Furina] PASSED              [  5%]
test/data/test_char.py::test_char[data.char: Gaming] PASSED              [  5%]
test/data/test_char.py::test_char[data.char: Ganyu] PASSED               [  6%]
test/data/test_char.py::test_char[data.char: Gorou] PASSED               [  6%]
test/data/test_char.py::test_char[data.char: Hu Tao] PASSED              [  6%]
test/data/test_char.py::test_char[data.char: Jean] PASSED                [  6%]
test/data/test_char.py::test_char[data.char: Kachina] PASSED             [  6%]
test/data/test_char.py::test_char[data.char: Kaedehara Kazuha] PASSED    [  6%]
test/data/test_char.py::test_char[data.char: Kaeya] PASSED               [  6%]
test/data/test_char.py::test_char[data.char: Kamisato Ayaka] PASSED      [  6%]
test/data/test_char.py::test_char[data.char: Kamisato Ayato] PASSED      [  6%]
test/data/test_char.py::test_char[data.char: Kaveh] PASSED               [  6%]
test/data/test_char.py::test_char[data.char: Keqing] PASSED              [  6%]
test/data/test_char.py::test_char[data.char: Kinich] PASSED              [  6%]
test/data/test_char.py::test_char[data.char: Kirara] PASSED              [  6%]
test/data/test_char.py::test_char[data.char: Klee] PASSED                [  7%]
test/data/test_char.py::test_char[data.char: Kujou Sara] PASSED          [  7%]
test/data/test_char.py::test_char[data.char: Kuki Shinobu] PASSED        [  7%]
test/data/test_char.py::test_char[data.char: Layla] PASSED               [  7%]
test/data/test_char.py::test_char[data.char: Lisa] PASSED                [  7%]
test/data/test_char.py::test_char[data.char: Lumine] PASSED              [  7%]
test/data/test_char.py::test_char[data.char: Lynette] PASSED             [  7%]
test/data/test_char.py::test_char[data.char: Lyney] PASSED               [  7%]
test/data/test_char.py::test_char[data.char: Mika] PASSED                [  7%]
test/data/test_char.py::test_char[data.char: Mona] PASSED                [  7%]
test/data/test_char.py::test_char[data.char: Mualani] PASSED             [  7%]
test/data/test_char.py::test_char[data.char: Navia] PASSED               [  7%]
test/data/test_char.py::test_char[data.char: Neuvillette] PASSED         [  7%]
test/data/test_char.py::test_char[data.char: Nilou] PASSED               [  7%]
test/data/test_char.py::test_char[data.char: Ningguang] PASSED           [  8%]
test/data/test_char.py::test_char[data.char: Noelle] PASSED              [  8%]
test/data/test_char.py::test_char[data.char: Ororon] PASSED              [  8%]
test/data/test_char.py::test_char[data.char: Qiqi] PASSED                [  8%]
test/data/test_char.py::test_char[data.char: Raiden Shogun] PASSED       [  8%]
test/data/test_char.py::test_char[data.char: Razor] PASSED               [  8%]
test/data/test_char.py::test_char[data.char: Rosaria] PASSED             [  8%]
test/data/test_char.py::test_char[data.char: Sangonomiya Kokomi] PASSED  [  8%]
test/data/test_char.py::test_char[data.char: Sayu] PASSED                [  8%]
test/data/test_char.py::test_char[data.char: Sethos] PASSED              [  8%]
test/data/test_char.py::test_char[data.char: Shenhe] PASSED              [  8%]
test/data/test_char.py::test_char[data.char: Shikanoin Heizou] PASSED    [  8%]
test/data/test_char.py::test_char[data.char: Sigewinne] PASSED           [  8%]
test/data/test_char.py::test_char[data.char: Sucrose] PASSED             [  9%]
test/data/test_char.py::test_char[data.char: Tartaglia] PASSED           [  9%]
test/data/test_char.py::test_char[data.char: Thoma] PASSED               [  9%]
test/data/test_char.py::test_char[data.char: Tighnari] PASSED            [  9%]
test/data/test_char.py::test_char[data.char: Venti] PASSED               [  9%]
test/data/test_char.py::test_char[data.char: Wanderer] PASSED            [  9%]
test/data/test_char.py::test_char[data.char: Wriothesley] PASSED         [  9%]
test/data/test_char.py::test_char[data.char: Xiangling] PASSED           [  9%]
test/data/test_char.py::test_char[data.char: Xianyun] PASSED             [  9%]
test/data/test_char.py::test_char[data.char: Xiao] PASSED                [  9%]
test/data/test_char.py::test_char[data.char: Xilonen] PASSED             [  9%]
test/data/test_char.py::test_char[data.char: Xingqiu] PASSED             [  9%]
test/data/test_char.py::test_char[data.char: Xinyan] PASSED              [  9%]
test/data/test_char.py::test_char[data.char: Yae Miko] PASSED            [  9%]
test/data/test_char.py::test_char[data.char: Yanfei] PASSED              [ 10%]
test/data/test_char.py::test_char[data.char: Yaoyao] PASSED              [ 10%]
test/data/test_char.py::test_char[data.char: Yelan] PASSED               [ 10%]
test/data/test_char.py::test_char[data.char: Yoimiya] PASSED             [ 10%]
test/data/test_char.py::test_char[data.char: Yun Jin] PASSED             [ 10%]
test/data/test_char.py::test_char[data.char: Zhongli] PASSED             [ 10%]
test/data/weap/test_bow.py::test_bow[data.weap.bows: Hunter's Bow] PASSED [ 10%]
test/data/weap/test_bow.py::test_bow[data.weap.bows: Seasoned Hunter's Bow] PASSED [ 10%]
test/data/weap/test_bow.py::test_bow[data.weap.bows: Recurve Bow] PASSED [ 10%]
test/data/weap/test_bow.py::test_bow[data.weap.bows: Slingshot] PASSED   [ 10%]
test/data/weap/test_bow.py::test_bow[data.weap.bows: Compound Bow] PASSED [ 10%]
test/data/weap/test_bow.py::test_bow[data.weap.bows: Favonius Warbow] PASSED [ 10%]
test/data/weap/test_bow.py::test_bow[data.weap.bows: Hamayumi] PASSED    [ 10%]
test/data/weap/test_bow.py::test_bow[data.weap.bows: King's Squire] PASSED [ 11%]
test/data/weap/test_bow.py::test_bow[data.weap.bows: Aqua Simulacra] PASSED [ 11%]
test/data/weap/test_bow.py::test_bow[data.weap.bows: Hunter's Path] PASSED [ 11%]
test/data/weap/test_bow.py::test_bow[data.weap.bows: Silvershower Heartstrings] PASSED [ 11%]
test/data/weap/test_bow.py::test_bow[data.weap.bows: Sharpshooter's Oath] PASSED [ 11%]
test/data/weap/test_bow.py::test_bow[data.weap.bows: Cloudforged] PASSED [ 11%]
test/data/weap/test_bow.py::test_bow[data.weap.bows: End of the Line] PASSED [ 11%]
test/data/weap/test_bow.py::test_bow[data.weap.bows: Flower-Wreathed Feathers] PASSED [ 11%]
test/data/weap/test_bow.py::test_bow[data.weap.bows: Mitternachts Waltz] PASSED [ 11%]
test/data/weap/test_bow.py::test_bow[data.weap.bows: Predator] PASSED    [ 11%]
test/data/weap/test_bow.py::test_bow[data.weap.bows: Prototype Crescent] PASSED [ 11%]
test/data/weap/test_bow.py::test_bow[data.weap.bows: Royal Bow] PASSED   [ 11%]
test/data/weap/test_bow.py::test_bow[data.weap.bows: Rust] PASSED        [ 11%]
test/data/weap/test_bow.py::test_bow[data.weap.bows: Song of Stillness] PASSED [ 12%]
test/data/weap/test_bow.py::test_bow[data.weap.bows: The Stringless] PASSED [ 12%]
test/data/weap/test_bow.py::test_bow[data.weap.bows: The Viridescent Hunt] PASSED [ 12%]
test/data/weap/test_bow.py::test_bow[data.weap.bows: Windblume Ode] PASSED [ 12%]
test/data/weap/test_bow.py::test_bow[data.weap.bows: Amos' Bow] PASSED   [ 12%]
test/data/weap/test_bow.py::test_bow[data.weap.bows: Astral Vulture's Crimson Plumage] PASSED [ 12%]
test/data/weap/test_bow.py::test_bow[data.weap.bows: Elegy for the End] PASSED [ 12%]
test/data/weap/test_bow.py::test_bow[data.weap.bows: Polar Star] PASSED  [ 12%]
test/data/weap/test_bow.py::test_bow[data.weap.bows: The First Great Magic] PASSED [ 12%]
test/data/weap/test_bow.py::test_bow[data.weap.bows: Thundering Pulse] PASSED [ 12%]
test/data/weap/test_bow.py::test_bow[data.weap.bows: Alley Hunter] PASSED [ 12%]
test/data/weap/test_bow.py::test_bow[data.weap.bows: Blackcliff Warbow] PASSED [ 12%]
test/data/weap/test_bow.py::test_bow[data.weap.bows: Chain Breaker] PASSED [ 12%]
test/data/weap/test_bow.py::test_bow[data.weap.bows: Fading Twilight] PASSED [ 12%]
test/data/weap/test_bow.py::test_bow[data.weap.bows: Ibis Piercer] PASSED [ 13%]
test/data/weap/test_bow.py::test_bow[data.weap.bows: Mouun's Moon] PASSED [ 13%]
test/data/weap/test_bow.py::test_bow[data.weap.bows: Range Gauge] PASSED [ 13%]
test/data/weap/test_bow.py::test_bow[data.weap.bows: Sacrificial Bow] PASSED [ 13%]
test/data/weap/test_bow.py::test_bow[data.weap.bows: Scion of the Blazing Sun] PASSED [ 13%]
test/data/weap/test_bow.py::test_bow[data.weap.bows: Skyward Harp] PASSED [ 13%]
test/data/weap/test_catalyst.py::test_catalyst[data.weap.catalysts: Magic Guide] PASSED [ 13%]
test/data/weap/test_catalyst.py::test_catalyst[data.weap.catalysts: Dodoco Tales] PASSED [ 13%]
test/data/weap/test_catalyst.py::test_catalyst[data.weap.catalysts: Eye of Perception] PASSED [ 13%]
test/data/weap/test_catalyst.py::test_catalyst[data.weap.catalysts: Sacrificial Fragments] PASSED [ 13%]
test/data/weap/test_catalyst.py::test_catalyst[data.weap.catalysts: Sacrificial Jade] PASSED [ 13%]
test/data/weap/test_catalyst.py::test_catalyst[data.weap.catalysts: Waveriding Whirl] PASSED [ 13%]
test/data/weap/test_catalyst.py::test_catalyst[data.weap.catalysts: A Thousand Floating Dreams] PASSED [ 13%]
test/data/weap/test_catalyst.py::test_catalyst[data.weap.catalysts: Surf's Up] PASSED [ 14%]
test/data/weap/test_catalyst.py::test_catalyst[data.weap.catalysts: Tome of the Eternal Flow] PASSED [ 14%]
test/data/weap/test_catalyst.py::test_catalyst[data.weap.catalysts: Apprentice's Notes] PASSED [ 14%]
test/data/weap/test_catalyst.py::test_catalyst[data.weap.catalysts: Pocket Grimoire] PASSED [ 14%]
test/data/weap/test_catalyst.py::test_catalyst[data.weap.catalysts: Otherworldly Story] PASSED [ 14%]
test/data/weap/test_catalyst.py::test_catalyst[data.weap.catalysts: Thrilling Tales of Dragon Slayers] PASSED [ 14%]
test/data/weap/test_catalyst.py::test_catalyst[data.weap.catalysts: Ash-Graven Drinking Horn] PASSED [ 14%]
test/data/weap/test_catalyst.py::test_catalyst[data.weap.catalysts: Blackcliff Agate] PASSED [ 14%]
test/data/weap/test_catalyst.py::test_catalyst[data.weap.catalysts: Favonius Codex] PASSED [ 14%]
test/data/weap/test_catalyst.py::test_catalyst[data.weap.catalysts: Frostbearer] PASSED [ 14%]
test/data/weap/test_catalyst.py::test_catalyst[data.weap.catalysts: Fruit of Fulfillment] PASSED [ 14%]
test/data/weap/test_catalyst.py::test_catalyst[data.weap.catalysts: Prototype Amber] PASSED [ 14%]
test/data/weap/test_catalyst.py::test_catalyst[data.weap.catalysts: Ring of Yaxche] PASSED [ 14%]
test/data/weap/test_catalyst.py::test_catalyst[data.weap.catalysts: Solar Pearl] PASSED [ 14%]
test/data/weap/test_catalyst.py::test_catalyst[data.weap.catalysts: The Widsith] PASSED [ 15%]
test/data/weap/test_catalyst.py::test_catalyst[data.weap.catalysts: Wandering Evenstar] PASSED [ 15%]
test/data/weap/test_catalyst.py::test_catalyst[data.weap.catalysts: Everlasting Moonglow] PASSED [ 15%]
test/data/weap/test_catalyst.py::test_catalyst[data.weap.catalysts: Jadefall's Splendor] PASSED [ 15%]
test/data/weap/test_catalyst.py::test_catalyst[data.weap.catalysts: Kagura's Verity] PASSED [ 15%]
test/data/weap/test_catalyst.py::test_catalyst[data.weap.catalysts: Lost Prayer to the Sacred Winds] PASSED [ 15%]
test/data/weap/test_catalyst.py::test_catalyst[data.weap.catalysts: Memory of Dust] PASSED [ 15%]
test/data/weap/test_catalyst.py::test_catalyst[data.weap.catalysts: Emerald Orb] PASSED [ 15%]
test/data/weap/test_catalyst.py::test_catalyst[data.weap.catalysts: Twin Nephrite] PASSED [ 15%]
test/data/weap/test_catalyst.py::test_catalyst[data.weap.catalysts: Ballad of the Boundless Blue] PASSED [ 15%]
test/data/weap/test_catalyst.py::test_catalyst[data.weap.catalysts: Flowing Purity] PASSED [ 15%]
test/data/weap/test_catalyst.py::test_catalyst[data.weap.catalysts: Hakushin Ring] PASSED [ 15%]
test/data/weap/test_catalyst.py::test_catalyst[data.weap.catalysts: Mappa Mare] PASSED [ 15%]
test/data/weap/test_catalyst.py::test_catalyst[data.weap.catalysts: Oathsworn Eye] PASSED [ 16%]
test/data/weap/test_catalyst.py::test_catalyst[data.weap.catalysts: Royal Grimoire] PASSED [ 16%]
test/data/weap/test_catalyst.py::test_catalyst[data.weap.catalysts: Wine and Song] PASSED [ 16%]
test/data/weap/test_catalyst.py::test_catalyst[data.weap.catalysts: Cashflow Supervision] PASSED [ 16%]
test/data/weap/test_catalyst.py::test_catalyst[data.weap.catalysts: Skyward Atlas] PASSED [ 16%]
test/data/weap/test_catalyst.py::test_catalyst[data.weap.catalysts: Tulaytullah's Remembrance] PASSED [ 16%]
test/data/weap/test_catalyst.py::test_catalyst[data.weap.catalysts: Crane's Echoing Call] PASSED [ 16%]
test/data/weap/test_claymore.py::test_claymore[data.weap.claymores: Bloodtainted Greatsword] PASSED [ 16%]
test/data/weap/test_claymore.py::test_claymore[data.weap.claymores: Portable Power Saw] PASSED [ 16%]
test/data/weap/test_claymore.py::test_claymore[data.weap.claymores: Luxurious Sea-Lord] PASSED [ 16%]
test/data/weap/test_claymore.py::test_claymore[data.weap.claymores: Favonius Greatsword] PASSED [ 16%]
test/data/weap/test_claymore.py::test_claymore[data.weap.claymores: Redhorn Stonethresher] PASSED [ 16%]
test/data/weap/test_claymore.py::test_claymore[data.weap.claymores: Waster Greatsword] PASSED [ 16%]
test/data/weap/test_claymore.py::test_claymore[data.weap.claymores: Old Merc's Pal] PASSED [ 17%]
test/data/weap/test_claymore.py::test_claymore[data.weap.claymores: White Iron Greatsword] PASSED [ 17%]
test/data/weap/test_claymore.py::test_claymore[data.weap.claymores: Skyrider Greatsword] PASSED [ 17%]
test/data/weap/test_claymore.py::test_claymore[data.weap.claymores: Ferrous Shadow] PASSED [ 17%]
test/data/weap/test_claymore.py::test_claymore[data.weap.claymores: Debate Club] PASSED [ 17%]
test/data/weap/test_claymore.py::test_claymore[data.weap.claymores: Serpent Spine] PASSED [ 17%]
test/data/weap/test_claymore.py::test_claymore[data.weap.claymores: Whiteblind] PASSED [ 17%]
test/data/weap/test_claymore.py::test_claymore[data.weap.claymores: Tidal Shadow] PASSED [ 17%]
test/data/weap/test_claymore.py::test_claymore[data.weap.claymores: The Bell] PASSED [ 17%]
test/data/weap/test_claymore.py::test_claymore[data.weap.claymores: Rainslasher] PASSED [ 17%]
test/data/weap/test_claymore.py::test_claymore[data.weap.claymores: Makhaira Aquamarine] PASSED [ 17%]
test/data/weap/test_claymore.py::test_claymore[data.weap.claymores: Lithic Blade] PASSED [ 17%]
test/data/weap/test_claymore.py::test_claymore[data.weap.claymores: Katsuragikiri Nagamasa] PASSED [ 17%]
test/data/weap/test_claymore.py::test_claymore[data.weap.claymores: Blackcliff Slasher] PASSED [ 17%]
test/data/weap/test_claymore.py::test_claymore[data.weap.claymores: Akuoumaru] PASSED [ 18%]
test/data/weap/test_claymore.py::test_claymore[data.weap.claymores: Beacon of the Reed Sea] PASSED [ 18%]
test/data/weap/test_claymore.py::test_claymore[data.weap.claymores: Wolf's Gravestone] PASSED [ 18%]
test/data/weap/test_claymore.py::test_claymore[data.weap.claymores: The Unforged] PASSED [ 18%]
test/data/weap/test_claymore.py::test_claymore[data.weap.claymores: Talking Stick] PASSED [ 18%]
test/data/weap/test_claymore.py::test_claymore[data.weap.claymores: Snow-Tombed Starsilver] PASSED [ 18%]
test/data/weap/test_claymore.py::test_claymore[data.weap.claymores: Royal Greatsword] PASSED [ 18%]
test/data/weap/test_claymore.py::test_claymore[data.weap.claymores: Prototype Archaic] PASSED [ 18%]
test/data/weap/test_claymore.py::test_claymore[data.weap.claymores: Sacrificial Greatsword] PASSED [ 18%]
test/data/weap/test_claymore.py::test_claymore[data.weap.claymores: Mailed Flower] PASSED [ 18%]
test/data/weap/test_claymore.py::test_claymore[data.weap.claymores: Forest Regalia] PASSED [ 18%]
test/data/weap/test_claymore.py::test_claymore[data.weap.claymores: Earth Shaker] PASSED [ 18%]
test/data/weap/test_claymore.py::test_claymore[data.weap.claymores: "Ultimate Overlord's Mega Magic Sword"] PASSED [ 18%]
test/data/weap/test_claymore.py::test_claymore[data.weap.claymores: Skyward Pride] PASSED [ 19%]
test/data/weap/test_claymore.py::test_claymore[data.weap.claymores: Verdict] PASSED [ 19%]
test/data/weap/test_claymore.py::test_claymore[data.weap.claymores: Fang of the Mountain King] PASSED [ 19%]
test/data/weap/test_claymore.py::test_claymore[data.weap.claymores: Song of Broken Pines] PASSED [ 19%]
test/data/weap/test_polearm.py::test_polearm[data.weap.polearms: Beginner's Protector] PASSED [ 19%]
test/data/weap/test_polearm.py::test_polearm[data.weap.polearms: Iron Point] PASSED [ 19%]
test/data/weap/test_polearm.py::test_polearm[data.weap.polearms: Black Tassel] PASSED [ 19%]
test/data/weap/test_polearm.py::test_polearm[data.weap.polearms: Deathmatch] PASSED [ 19%]
test/data/weap/test_polearm.py::test_polearm[data.weap.polearms: Dragon's Bane] PASSED [ 19%]
test/data/weap/test_polearm.py::test_polearm[data.weap.polearms: Dragonspine Spear] PASSED [ 19%]
test/data/weap/test_polearm.py::test_polearm[data.weap.polearms: Staff of the Scarlet Sands] PASSED [ 19%]
test/data/weap/test_polearm.py::test_polearm[data.weap.polearms: White Tassel] PASSED [ 19%]
test/data/weap/test_polearm.py::test_polearm[data.weap.polearms: "The Catch"] PASSED [ 19%]
test/data/weap/test_polearm.py::test_polearm[data.weap.polearms: Ballad of the Fjords] PASSED [ 19%]
test/data/weap/test_polearm.py::test_polearm[data.weap.polearms: Blackcliff Pole] PASSED [ 20%]
test/data/weap/test_polearm.py::test_polearm[data.weap.polearms: Dialogues of the Desert Sages] PASSED [ 20%]
test/data/weap/test_polearm.py::test_polearm[data.weap.polearms: Footprint of the Rainbow] PASSED [ 20%]
test/data/weap/test_polearm.py::test_polearm[data.weap.polearms: Missive Windspear] PASSED [ 20%]
test/data/weap/test_polearm.py::test_polearm[data.weap.polearms: Prototype Starglitter] PASSED [ 20%]
test/data/weap/test_polearm.py::test_polearm[data.weap.polearms: Engulfing Lightning] PASSED [ 20%]
test/data/weap/test_polearm.py::test_polearm[data.weap.polearms: Lumidouce Elegy] PASSED [ 20%]
test/data/weap/test_polearm.py::test_polearm[data.weap.polearms: Staff of Homa] PASSED [ 20%]
test/data/weap/test_polearm.py::test_polearm[data.weap.polearms: Vortex Vanquisher] PASSED [ 20%]
test/data/weap/test_polearm.py::test_polearm[data.weap.polearms: Halberd] PASSED [ 20%]
test/data/weap/test_polearm.py::test_polearm[data.weap.polearms: Crescent Pike] PASSED [ 20%]
test/data/weap/test_polearm.py::test_polearm[data.weap.polearms: Favonius Lance] PASSED [ 20%]
test/data/weap/test_polearm.py::test_polearm[data.weap.polearms: Kitain Cross Spear] PASSED [ 20%]
test/data/weap/test_polearm.py::test_polearm[data.weap.polearms: Lithic Spear] PASSED [ 21%]
test/data/weap/test_polearm.py::test_polearm[data.weap.polearms: Moonpiercer] PASSED [ 21%]
test/data/weap/test_polearm.py::test_polearm[data.weap.polearms: Mountain-Bracing Bolt] PASSED [ 21%]
test/data/weap/test_polearm.py::test_polearm[data.weap.polearms: Prospector's Drill] PASSED [ 21%]
test/data/weap/test_polearm.py::test_polearm[data.weap.polearms: Rightful Reward] PASSED [ 21%]
test/data/weap/test_polearm.py::test_polearm[data.weap.polearms: Royal Spear] PASSED [ 21%]
test/data/weap/test_polearm.py::test_polearm[data.weap.polearms: Crimson Moon's Semblance] PASSED [ 21%]
test/data/weap/test_polearm.py::test_polearm[data.weap.polearms: Primordial Jade Winged-Spear] PASSED [ 21%]
test/data/weap/test_polearm.py::test_polearm[data.weap.polearms: Skyward Spine] PASSED [ 21%]
test/data/weap/test_polearm.py::test_polearm[data.weap.polearms: Wavebreaker's Fin] PASSED [ 21%]
test/data/weap/test_polearm.py::test_polearm[data.weap.polearms: Calamity Queller] PASSED [ 21%]
test/data/weap/test_sword.py::test_sword[data.weap.swords: Skyrider Sword] PASSED [ 21%]
test/data/weap/test_sword.py::test_sword[data.weap.swords: Amenoma Kageuchi] PASSED [ 21%]
test/data/weap/test_sword.py::test_sword[data.weap.swords: Cinnabar Spindle] PASSED [ 21%]
test/data/weap/test_sword.py::test_sword[data.weap.swords: Favonius Sword] PASSED [ 22%]
test/data/weap/test_sword.py::test_sword[data.weap.swords: Flute of Ezpitzal] PASSED [ 22%]
test/data/weap/test_sword.py::test_sword[data.weap.swords: Sacrificial Sword] PASSED [ 22%]
test/data/weap/test_sword.py::test_sword[data.weap.swords: Key of Khaj-Nisut] PASSED [ 22%]
test/data/weap/test_sword.py::test_sword[data.weap.swords: Light of Foliar Incision] PASSED [ 22%]
test/data/weap/test_sword.py::test_sword[data.weap.swords: Peak Patrol Song] PASSED [ 22%]
test/data/weap/test_sword.py::test_sword[data.weap.swords: Primordial Jade Cutter] PASSED [ 22%]
test/data/weap/test_sword.py::test_sword[data.weap.swords: Splendor of Tranquil Waters] PASSED [ 22%]
test/data/weap/test_sword.py::test_sword[data.weap.swords: Uraku Misugiri] PASSED [ 22%]
test/data/weap/test_sword.py::test_sword[data.weap.swords: Dull Blade] PASSED [ 22%]
test/data/weap/test_sword.py::test_sword[data.weap.swords: Silver Sword] PASSED [ 22%]
test/data/weap/test_sword.py::test_sword[data.weap.swords: Cool Steel] PASSED [ 22%]
test/data/weap/test_sword.py::test_sword[data.weap.swords: Dark Iron Sword] PASSED [ 22%]
test/data/weap/test_sword.py::test_sword[data.weap.swords: Fillet Blade] PASSED [ 23%]
test/data/weap/test_sword.py::test_sword[data.weap.swords: Harbinger of Dawn] PASSED [ 23%]
test/data/weap/test_sword.py::test_sword[data.weap.swords: Festering Desire] PASSED [ 23%]
test/data/weap/test_sword.py::test_sword[data.weap.swords: Fleuve Cendre Ferryman] PASSED [ 23%]
test/data/weap/test_sword.py::test_sword[data.weap.swords: Iron Sting] PASSED [ 23%]
test/data/weap/test_sword.py::test_sword[data.weap.swords: Kagotsurube Isshin] PASSED [ 23%]
test/data/weap/test_sword.py::test_sword[data.weap.swords: Lion's Roar] PASSED [ 23%]
test/data/weap/test_sword.py::test_sword[data.weap.swords: Royal Longsword] PASSED [ 23%]
test/data/weap/test_sword.py::test_sword[data.weap.swords: Sword of Narzissenkreuz] PASSED [ 23%]
test/data/weap/test_sword.py::test_sword[data.weap.swords: The Black Sword] PASSED [ 23%]
test/data/weap/test_sword.py::test_sword[data.weap.swords: The Dockhand's Assistant] PASSED [ 23%]
test/data/weap/test_sword.py::test_sword[data.weap.swords: The Flute] PASSED [ 23%]
test/data/weap/test_sword.py::test_sword[data.weap.swords: Toukabou Shigure] PASSED [ 23%]
test/data/weap/test_sword.py::test_sword[data.weap.swords: Wolf-Fang] PASSED [ 24%]
test/data/weap/test_sword.py::test_sword[data.weap.swords: Xiphos' Moonlight] PASSED [ 24%]
test/data/weap/test_sword.py::test_sword[data.weap.swords: Freedom-Sworn] PASSED [ 24%]
test/data/weap/test_sword.py::test_sword[data.weap.swords: Haran Geppaku Futsu] PASSED [ 24%]
test/data/weap/test_sword.py::test_sword[data.weap.swords: Skyward Blade] PASSED [ 24%]
test/data/weap/test_sword.py::test_sword[data.weap.swords: Summit Shaper] PASSED [ 24%]
test/data/weap/test_sword.py::test_sword[data.weap.swords: Traveler's Handy Sword] PASSED [ 24%]
test/data/weap/test_sword.py::test_sword[data.weap.swords: Blackcliff Longsword] PASSED [ 24%]
test/data/weap/test_sword.py::test_sword[data.weap.swords: Finale of the Deep] PASSED [ 24%]
test/data/weap/test_sword.py::test_sword[data.weap.swords: Prototype Rancour] PASSED [ 24%]
test/data/weap/test_sword.py::test_sword[data.weap.swords: Sapwood Blade] PASSED [ 24%]
test/data/weap/test_sword.py::test_sword[data.weap.swords: Sturdy Bone] PASSED [ 24%]
test/data/weap/test_sword.py::test_sword[data.weap.swords: Absolution] PASSED [ 24%]
test/data/weap/test_sword.py::test_sword[data.weap.swords: Aquila Favonia] PASSED [ 24%]
test/data/weap/test_sword.py::test_sword[data.weap.swords: Mistsplitter Reforged] PASSED [ 25%]
test/data/weap/test_sword.py::test_sword[data.weap.swords: The Alley Flash] PASSED [ 25%]
test/face/info/test_info.py::test_info[face.info: Clicking the info button] PASSED [ 25%]
test/face/lcns/test_lcns.py::test_lcns[face.lcns: Clicking the help button] PASSED [ 25%]
test/face/otpt/test_otpt.py::test_otpt[face.otpt.rule: Generate final calculation based on character, bow and 2 piece artifact set] PASSED [ 25%]
test/face/otpt/test_otpt.py::test_otpt[face.otpt.rule: Generate final calculation based on character, catalyst and 2 piece artifact set] PASSED [ 25%]
test/face/otpt/test_otpt.py::test_otpt[face.otpt.rule: Generate final calculation based on character, claymore and 2 piece artifact set] PASSED [ 25%]
test/face/otpt/test_otpt.py::test_otpt[face.otpt.rule: Generate final calculation based on character, polearm and 2 piece artifact set] PASSED [ 25%]
test/face/otpt/test_otpt.py::test_otpt[face.otpt.rule: Generate final calculation based on character, sword and 2 piece artifact set] PASSED [ 25%]
test/face/otpt/test_otpt.py::test_otpt[face.otpt.rule: Generate final calculation based on character, bow and 4 piece artifact set] PASSED [ 25%]
test/face/otpt/test_otpt.py::test_otpt[face.otpt.rule: Generate final calculation based on character, catalyst and 4 piece artifact set] PASSED [ 25%]
test/face/otpt/test_otpt.py::test_otpt[face.otpt.rule: Generate final calculation based on character, claymore and 4 piece artifact set] PASSED [ 25%]
test/face/otpt/test_otpt.py::test_otpt[face.otpt.rule: Generate final calculation based on character, polearm and 4 piece artifact set] PASSED [ 25%]
test/face/otpt/test_otpt.py::test_otpt[face.otpt.rule: Generate final calculation based on character, sword and 4 piece artifact set] PASSED [ 26%]
test/face/otpt/test_otpt.py::test_otpt[face.otpt.rule: Generate final calculation based on character, bow and unique artifacts] PASSED [ 26%]
test/face/otpt/test_otpt.py::test_otpt[face.otpt.rule: Generate final calculation based on character, catalyst and unique artifacts] PASSED [ 26%]
test/face/otpt/test_otpt.py::test_otpt[face.otpt.rule: Generate final calculation based on character, claymore and unique artifacts] PASSED [ 26%]
test/face/otpt/test_otpt.py::test_otpt[face.otpt.rule: Generate final calculation based on character, polearm and unique artifacts] PASSED [ 26%]
test/face/otpt/test_otpt.py::test_otpt[face.otpt.rule: Generate final calculation based on character, sword and unique artifacts] PASSED [ 26%]
test/face/otpt/test_otpt.py::test_otpt[face.otpt.rule: Generate final calculation based on character, bow and no artifacts] PASSED [ 26%]
test/face/otpt/test_otpt.py::test_otpt[face.otpt.rule: Generate final calculation based on character, catalyst and no artifacts] PASSED [ 26%]
test/face/otpt/test_otpt.py::test_otpt[face.otpt.rule: Generate final calculation based on character, claymore and no artifacts] PASSED [ 26%]
test/face/otpt/test_otpt.py::test_otpt[face.otpt.rule: Generate final calculation based on character, polearm and no artifacts] PASSED [ 26%]
test/face/otpt/test_otpt.py::test_otpt[face.otpt.rule: Generate final calculation based on character, sword and no artifacts] PASSED [ 26%]
test/face/otpt/test_otpt.py::test_otpt_fail[face.otpt.rule: Failing to generate final calculation based on character, bow and default artifact set with empty substats value] PASSED [ 26%]
test/face/otpt/test_otpt.py::test_otpt_fail[face.otpt.rule: Failing to generate final calculation based on character, bow and default artifact set with invalid substats value] PASSED [ 26%]
test/face/scan/test_scan.py::test_scan_window[face.scan: Testing ScanWindow] PASSED [ 26%]
test/face/scan/test_scan.py::test_scan_arti_drop[face.scan.rule: Configuring Flower of Life artifact - Adventurer] PASSED [ 27%]
test/face/scan/test_scan.py::test_scan_arti_drop[face.scan.rule: Configuring Flower of Life artifact - Archaic Petra] PASSED [ 27%]
test/face/scan/test_scan.py::test_scan_arti_drop[face.scan.rule: Configuring Flower of Life artifact - Berserker] PASSED [ 27%]
test/face/scan/test_scan.py::test_scan_arti_drop[face.scan.rule: Configuring Flower of Life artifact - Blizzard Strayer] PASSED [ 27%]
test/face/scan/test_scan.py::test_scan_arti_drop[face.scan.rule: Configuring Flower of Life artifact - Bloodstained Chivalry] PASSED [ 27%]
test/face/scan/test_scan.py::test_scan_arti_drop[face.scan.rule: Configuring Flower of Life artifact - Brave Heart] PASSED [ 27%]
test/face/scan/test_scan.py::test_scan_arti_drop[face.scan.rule: Configuring Flower of Life artifact - Crimson Witch of Flames] PASSED [ 27%]
test/face/scan/test_scan.py::test_scan_arti_drop[face.scan.rule: Configuring Flower of Life artifact - Deepwood Memories] PASSED [ 27%]
test/face/scan/test_scan.py::test_scan_arti_drop[face.scan.rule: Configuring Flower of Life artifact - Defender's Will] PASSED [ 27%]
test/face/scan/test_scan.py::test_scan_arti_drop[face.scan.rule: Configuring Flower of Life artifact - Desert Pavilion Chronicle] PASSED [ 27%]
test/face/scan/test_scan.py::test_scan_arti_drop[face.scan.rule: Configuring Flower of Life artifact - Echoes of an Offering] PASSED [ 27%]
test/face/scan/test_scan.py::test_scan_arti_drop[face.scan.rule: Configuring Flower of Life artifact - Emblem of Severed Fate] PASSED [ 27%]
test/face/scan/test_scan.py::test_scan_arti_drop[face.scan.rule: Configuring Flower of Life artifact - Flower of Paradise Lost] PASSED [ 27%]
test/face/scan/test_scan.py::test_scan_arti_drop[face.scan.rule: Configuring Flower of Life artifact - Fragment of Harmonic Whimsy] PASSED [ 28%]
test/face/scan/test_scan.py::test_scan_arti_drop[face.scan.rule: Configuring Flower of Life artifact - Gambler] PASSED [ 28%]
test/face/scan/test_scan.py::test_scan_arti_drop[face.scan.rule: Configuring Flower of Life artifact - Gilded Dreams] PASSED [ 28%]
test/face/scan/test_scan.py::test_scan_arti_drop[face.scan.rule: Configuring Flower of Life artifact - Gladiator's Finale] PASSED [ 28%]
test/face/scan/test_scan.py::test_scan_arti_drop[face.scan.rule: Configuring Flower of Life artifact - Golden Troupe] PASSED [ 28%]
test/face/scan/test_scan.py::test_scan_arti_drop[face.scan.rule: Configuring Flower of Life artifact - Heart of Depth] PASSED [ 28%]
test/face/scan/test_scan.py::test_scan_arti_drop[face.scan.rule: Configuring Flower of Life artifact - Husk of Opulent Dreams] PASSED [ 28%]
test/face/scan/test_scan.py::test_scan_arti_drop[face.scan.rule: Configuring Flower of Life artifact - Instructor] PASSED [ 28%]
test/face/scan/test_scan.py::test_scan_arti_drop[face.scan.rule: Configuring Flower of Life artifact - Lavawalker] PASSED [ 28%]
test/face/scan/test_scan.py::test_scan_arti_drop[face.scan.rule: Configuring Flower of Life artifact - Lucky Dog] PASSED [ 28%]
test/face/scan/test_scan.py::test_scan_arti_drop[face.scan.rule: Configuring Flower of Life artifact - Maiden Beloved] PASSED [ 28%]
test/face/scan/test_scan.py::test_scan_arti_drop[face.scan.rule: Configuring Flower of Life artifact - Marechaussee Hunter] PASSED [ 28%]
test/face/scan/test_scan.py::test_scan_arti_drop[face.scan.rule: Configuring Flower of Life artifact - Martial Artist] PASSED [ 28%]
test/face/scan/test_scan.py::test_scan_arti_drop[face.scan.rule: Configuring Flower of Life artifact - Nighttime Whispers in the Echoing Woods] PASSED [ 29%]
test/face/scan/test_scan.py::test_scan_arti_drop[face.scan.rule: Configuring Flower of Life artifact - Noblesse Oblige] PASSED [ 29%]
test/face/scan/test_scan.py::test_scan_arti_drop[face.scan.rule: Configuring Flower of Life artifact - Nymph's Dream] PASSED [ 29%]
test/face/scan/test_scan.py::test_scan_arti_drop[face.scan.rule: Configuring Flower of Life artifact - Obsidian Codex] PASSED [ 29%]
test/face/scan/test_scan.py::test_scan_arti_drop[face.scan.rule: Configuring Flower of Life artifact - Ocean-Hued Clam] PASSED [ 29%]
test/face/scan/test_scan.py::test_scan_arti_drop[face.scan.rule: Configuring Flower of Life artifact - Pale Flame] PASSED [ 29%]
test/face/scan/test_scan.py::test_scan_arti_drop[face.scan.rule: Configuring Flower of Life artifact - Resolution of Sojourner] PASSED [ 29%]
test/face/scan/test_scan.py::test_scan_arti_drop[face.scan.rule: Configuring Flower of Life artifact - Retracing Bolide] PASSED [ 29%]
test/face/scan/test_scan.py::test_scan_arti_drop[face.scan.rule: Configuring Flower of Life artifact - Scholar] PASSED [ 29%]
test/face/scan/test_scan.py::test_scan_arti_drop[face.scan.rule: Configuring Flower of Life artifact - Scroll of the Hero of Cinder City] PASSED [ 29%]
test/face/scan/test_scan.py::test_scan_arti_drop[face.scan.rule: Configuring Flower of Life artifact - Shimenawa's Reminiscence] PASSED [ 29%]
test/face/scan/test_scan.py::test_scan_arti_drop[face.scan.rule: Configuring Flower of Life artifact - Song of Days Past] PASSED [ 29%]
test/face/scan/test_scan.py::test_scan_arti_drop[face.scan.rule: Configuring Flower of Life artifact - Tenacity of the Millelith] PASSED [ 29%]
test/face/scan/test_scan.py::test_scan_arti_drop[face.scan.rule: Configuring Flower of Life artifact - The Exile] PASSED [ 29%]
test/face/scan/test_scan.py::test_scan_arti_drop[face.scan.rule: Configuring Flower of Life artifact - Thundering Fury] PASSED [ 30%]
test/face/scan/test_scan.py::test_scan_arti_drop[face.scan.rule: Configuring Flower of Life artifact - Thundersoother] PASSED [ 30%]
test/face/scan/test_scan.py::test_scan_arti_drop[face.scan.rule: Configuring Flower of Life artifact - Tiny Miracle] PASSED [ 30%]
test/face/scan/test_scan.py::test_scan_arti_drop[face.scan.rule: Configuring Flower of Life artifact - Traveling Doctor] PASSED [ 30%]
test/face/scan/test_scan.py::test_scan_arti_drop[face.scan.rule: Configuring Flower of Life artifact - Unfinished Reverie] PASSED [ 30%]
test/face/scan/test_scan.py::test_scan_arti_drop[face.scan.rule: Configuring Flower of Life artifact - Vermillion Hereafter] PASSED [ 30%]
test/face/scan/test_scan.py::test_scan_arti_drop[face.scan.rule: Configuring Flower of Life artifact - Viridescent Venerer] PASSED [ 30%]
test/face/scan/test_scan.py::test_scan_arti_drop[face.scan.rule: Configuring Flower of Life artifact - Vourukasha's Glow] PASSED [ 30%]
test/face/scan/test_scan.py::test_scan_arti_drop[face.scan.rule: Configuring Flower of Life artifact - Wanderer's Troupe] PASSED [ 30%]
test/face/scan/test_scan.py::test_scan_arti_drop[face.scan.rule: Configuring Flower of Life artifact - None] PASSED [ 30%]
test/face/scan/test_scan.py::test_scan_arti_drop[face.scan.rule: Configuring Plume of Death artifact - Adventurer] PASSED [ 30%]
test/face/scan/test_scan.py::test_scan_arti_drop[face.scan.rule: Configuring Plume of Death artifact - Archaic Petra] PASSED [ 30%]
test/face/scan/test_scan.py::test_scan_arti_drop[face.scan.rule: Configuring Plume of Death artifact - Berserker] PASSED [ 30%]
test/face/scan/test_scan.py::test_scan_arti_drop[face.scan.rule: Configuring Plume of Death artifact - Blizzard Strayer] PASSED [ 31%]
test/face/scan/test_scan.py::test_scan_arti_drop[face.scan.rule: Configuring Plume of Death artifact - Bloodstained Chivalry] PASSED [ 31%]
test/face/scan/test_scan.py::test_scan_arti_drop[face.scan.rule: Configuring Plume of Death artifact - Brave Heart] PASSED [ 31%]
test/face/scan/test_scan.py::test_scan_arti_drop[face.scan.rule: Configuring Plume of Death artifact - Crimson Witch of Flames] PASSED [ 31%]
test/face/scan/test_scan.py::test_scan_arti_drop[face.scan.rule: Configuring Plume of Death artifact - Deepwood Memories] PASSED [ 31%]
test/face/scan/test_scan.py::test_scan_arti_drop[face.scan.rule: Configuring Plume of Death artifact - Defender's Will] PASSED [ 31%]
test/face/scan/test_scan.py::test_scan_arti_drop[face.scan.rule: Configuring Plume of Death artifact - Desert Pavilion Chronicle] PASSED [ 31%]
test/face/scan/test_scan.py::test_scan_arti_drop[face.scan.rule: Configuring Plume of Death artifact - Echoes of an Offering] PASSED [ 31%]
test/face/scan/test_scan.py::test_scan_arti_drop[face.scan.rule: Configuring Plume of Death artifact - Emblem of Severed Fate] PASSED [ 31%]
test/face/scan/test_scan.py::test_scan_arti_drop[face.scan.rule: Configuring Plume of Death artifact - Flower of Paradise Lost] PASSED [ 31%]
test/face/scan/test_scan.py::test_scan_arti_drop[face.scan.rule: Configuring Plume of Death artifact - Fragment of Harmonic Whimsy] PASSED [ 31%]
test/face/scan/test_scan.py::test_scan_arti_drop[face.scan.rule: Configuring Plume of Death artifact - Gambler] PASSED [ 31%]
test/face/scan/test_scan.py::test_scan_arti_drop[face.scan.rule: Configuring Plume of Death artifact - Gilded Dreams] PASSED [ 31%]
test/face/scan/test_scan.py::test_scan_arti_drop[face.scan.rule: Configuring Plume of Death artifact - Gladiator's Finale] PASSED [ 31%]
test/face/scan/test_scan.py::test_scan_arti_drop[face.scan.rule: Configuring Plume of Death artifact - Golden Troupe] PASSED [ 32%]
test/face/scan/test_scan.py::test_scan_arti_drop[face.scan.rule: Configuring Plume of Death artifact - Heart of Depth] PASSED [ 32%]
test/face/scan/test_scan.py::test_scan_arti_drop[face.scan.rule: Configuring Plume of Death artifact - Husk of Opulent Dreams] PASSED [ 32%]
test/face/scan/test_scan.py::test_scan_arti_drop[face.scan.rule: Configuring Plume of Death artifact - Instructor] PASSED [ 32%]
test/face/scan/test_scan.py::test_scan_arti_drop[face.scan.rule: Configuring Plume of Death artifact - Lavawalker] PASSED [ 32%]
test/face/scan/test_scan.py::test_scan_arti_drop[face.scan.rule: Configuring Plume of Death artifact - Lucky Dog] PASSED [ 32%]
test/face/scan/test_scan.py::test_scan_arti_drop[face.scan.rule: Configuring Plume of Death artifact - Maiden Beloved] PASSED [ 32%]
test/face/scan/test_scan.py::test_scan_arti_drop[face.scan.rule: Configuring Plume of Death artifact - Marechaussee Hunter] PASSED [ 32%]
test/face/scan/test_scan.py::test_scan_arti_drop[face.scan.rule: Configuring Plume of Death artifact - Martial Artist] PASSED [ 32%]
test/face/scan/test_scan.py::test_scan_arti_drop[face.scan.rule: Configuring Plume of Death artifact - Nighttime Whispers in the Echoing Woods] PASSED [ 32%]
test/face/scan/test_scan.py::test_scan_arti_drop[face.scan.rule: Configuring Plume of Death artifact - Noblesse Oblige] PASSED [ 32%]
test/face/scan/test_scan.py::test_scan_arti_drop[face.scan.rule: Configuring Plume of Death artifact - Nymph's Dream] PASSED [ 32%]
test/face/scan/test_scan.py::test_scan_arti_drop[face.scan.rule: Configuring Plume of Death artifact - Obsidian Codex] PASSED [ 32%]
test/face/scan/test_scan.py::test_scan_arti_drop[face.scan.rule: Configuring Plume of Death artifact - Ocean-Hued Clam] PASSED [ 33%]
test/face/scan/test_scan.py::test_scan_arti_drop[face.scan.rule: Configuring Plume of Death artifact - Pale Flame] PASSED [ 33%]
test/face/scan/test_scan.py::test_scan_arti_drop[face.scan.rule: Configuring Plume of Death artifact - Resolution of Sojourner] PASSED [ 33%]
test/face/scan/test_scan.py::test_scan_arti_drop[face.scan.rule: Configuring Plume of Death artifact - Retracing Bolide] PASSED [ 33%]
test/face/scan/test_scan.py::test_scan_arti_drop[face.scan.rule: Configuring Plume of Death artifact - Scholar] PASSED [ 33%]
test/face/scan/test_scan.py::test_scan_arti_drop[face.scan.rule: Configuring Plume of Death artifact - Scroll of the Hero of Cinder City] PASSED [ 33%]
test/face/scan/test_scan.py::test_scan_arti_drop[face.scan.rule: Configuring Plume of Death artifact - Shimenawa's Reminiscence] PASSED [ 33%]
test/face/scan/test_scan.py::test_scan_arti_drop[face.scan.rule: Configuring Plume of Death artifact - Song of Days Past] PASSED [ 33%]
test/face/scan/test_scan.py::test_scan_arti_drop[face.scan.rule: Configuring Plume of Death artifact - Tenacity of the Millelith] PASSED [ 33%]
test/face/scan/test_scan.py::test_scan_arti_drop[face.scan.rule: Configuring Plume of Death artifact - The Exile] PASSED [ 33%]
test/face/scan/test_scan.py::test_scan_arti_drop[face.scan.rule: Configuring Plume of Death artifact - Thundering Fury] PASSED [ 33%]
test/face/scan/test_scan.py::test_scan_arti_drop[face.scan.rule: Configuring Plume of Death artifact - Thundersoother] PASSED [ 33%]
test/face/scan/test_scan.py::test_scan_arti_drop[face.scan.rule: Configuring Plume of Death artifact - Tiny Miracle] PASSED [ 33%]
test/face/scan/test_scan.py::test_scan_arti_drop[face.scan.rule: Configuring Plume of Death artifact - Traveling Doctor] PASSED [ 34%]
test/face/scan/test_scan.py::test_scan_arti_drop[face.scan.rule: Configuring Plume of Death artifact - Unfinished Reverie] PASSED [ 34%]
test/face/scan/test_scan.py::test_scan_arti_drop[face.scan.rule: Configuring Plume of Death artifact - Vermillion Hereafter] PASSED [ 34%]
test/face/scan/test_scan.py::test_scan_arti_drop[face.scan.rule: Configuring Plume of Death artifact - Viridescent Venerer] PASSED [ 34%]
test/face/scan/test_scan.py::test_scan_arti_drop[face.scan.rule: Configuring Plume of Death artifact - Vourukasha's Glow] PASSED [ 34%]
test/face/scan/test_scan.py::test_scan_arti_drop[face.scan.rule: Configuring Plume of Death artifact - Wanderer's Troupe] PASSED [ 34%]
test/face/scan/test_scan.py::test_scan_arti_drop[face.scan.rule: Configuring Plume of Death artifact - None] PASSED [ 34%]
test/face/scan/test_scan.py::test_scan_arti_drop[face.scan.rule: Configuring Sands of Eon artifact - Adventurer] PASSED [ 34%]
test/face/scan/test_scan.py::test_scan_arti_drop[face.scan.rule: Configuring Sands of Eon artifact - Archaic Petra] PASSED [ 34%]
test/face/scan/test_scan.py::test_scan_arti_drop[face.scan.rule: Configuring Sands of Eon artifact - Berserker] PASSED [ 34%]
test/face/scan/test_scan.py::test_scan_arti_drop[face.scan.rule: Configuring Sands of Eon artifact - Blizzard Strayer] PASSED [ 34%]
test/face/scan/test_scan.py::test_scan_arti_drop[face.scan.rule: Configuring Sands of Eon artifact - Bloodstained Chivalry] PASSED [ 34%]
test/face/scan/test_scan.py::test_scan_arti_drop[face.scan.rule: Configuring Sands of Eon artifact - Brave Heart] PASSED [ 34%]
test/face/scan/test_scan.py::test_scan_arti_drop[face.scan.rule: Configuring Sands of Eon artifact - Crimson Witch of Flames] PASSED [ 34%]
test/face/scan/test_scan.py::test_scan_arti_drop[face.scan.rule: Configuring Sands of Eon artifact - Deepwood Memories] PASSED [ 35%]
test/face/scan/test_scan.py::test_scan_arti_drop[face.scan.rule: Configuring Sands of Eon artifact - Defender's Will] PASSED [ 35%]
test/face/scan/test_scan.py::test_scan_arti_drop[face.scan.rule: Configuring Sands of Eon artifact - Desert Pavilion Chronicle] PASSED [ 35%]
test/face/scan/test_scan.py::test_scan_arti_drop[face.scan.rule: Configuring Sands of Eon artifact - Echoes of an Offering] PASSED [ 35%]
test/face/scan/test_scan.py::test_scan_arti_drop[face.scan.rule: Configuring Sands of Eon artifact - Emblem of Severed Fate] PASSED [ 35%]
test/face/scan/test_scan.py::test_scan_arti_drop[face.scan.rule: Configuring Sands of Eon artifact - Flower of Paradise Lost] PASSED [ 35%]
test/face/scan/test_scan.py::test_scan_arti_drop[face.scan.rule: Configuring Sands of Eon artifact - Fragment of Harmonic Whimsy] PASSED [ 35%]
test/face/scan/test_scan.py::test_scan_arti_drop[face.scan.rule: Configuring Sands of Eon artifact - Gambler] PASSED [ 35%]
test/face/scan/test_scan.py::test_scan_arti_drop[face.scan.rule: Configuring Sands of Eon artifact - Gilded Dreams] PASSED [ 35%]
test/face/scan/test_scan.py::test_scan_arti_drop[face.scan.rule: Configuring Sands of Eon artifact - Gladiator's Finale] PASSED [ 35%]
test/face/scan/test_scan.py::test_scan_arti_drop[face.scan.rule: Configuring Sands of Eon artifact - Golden Troupe] PASSED [ 35%]
test/face/scan/test_scan.py::test_scan_arti_drop[face.scan.rule: Configuring Sands of Eon artifact - Heart of Depth] PASSED [ 35%]
test/face/scan/test_scan.py::test_scan_arti_drop[face.scan.rule: Configuring Sands of Eon artifact - Husk of Opulent Dreams] PASSED [ 35%]
test/face/scan/test_scan.py::test_scan_arti_drop[face.scan.rule: Configuring Sands of Eon artifact - Instructor] PASSED [ 36%]
test/face/scan/test_scan.py::test_scan_arti_drop[face.scan.rule: Configuring Sands of Eon artifact - Lavawalker] PASSED [ 36%]
test/face/scan/test_scan.py::test_scan_arti_drop[face.scan.rule: Configuring Sands of Eon artifact - Lucky Dog] PASSED [ 36%]
test/face/scan/test_scan.py::test_scan_arti_drop[face.scan.rule: Configuring Sands of Eon artifact - Maiden Beloved] PASSED [ 36%]
test/face/scan/test_scan.py::test_scan_arti_drop[face.scan.rule: Configuring Sands of Eon artifact - Marechaussee Hunter] PASSED [ 36%]
test/face/scan/test_scan.py::test_scan_arti_drop[face.scan.rule: Configuring Sands of Eon artifact - Martial Artist] PASSED [ 36%]
test/face/scan/test_scan.py::test_scan_arti_drop[face.scan.rule: Configuring Sands of Eon artifact - Nighttime Whispers in the Echoing Woods] PASSED [ 36%]
test/face/scan/test_scan.py::test_scan_arti_drop[face.scan.rule: Configuring Sands of Eon artifact - Noblesse Oblige] PASSED [ 36%]
test/face/scan/test_scan.py::test_scan_arti_drop[face.scan.rule: Configuring Sands of Eon artifact - Nymph's Dream] PASSED [ 36%]
test/face/scan/test_scan.py::test_scan_arti_drop[face.scan.rule: Configuring Sands of Eon artifact - Obsidian Codex] PASSED [ 36%]
test/face/scan/test_scan.py::test_scan_arti_drop[face.scan.rule: Configuring Sands of Eon artifact - Ocean-Hued Clam] PASSED [ 36%]
test/face/scan/test_scan.py::test_scan_arti_drop[face.scan.rule: Configuring Sands of Eon artifact - Pale Flame] PASSED [ 36%]
test/face/scan/test_scan.py::test_scan_arti_drop[face.scan.rule: Configuring Sands of Eon artifact - Resolution of Sojourner] PASSED [ 36%]
test/face/scan/test_scan.py::test_scan_arti_drop[face.scan.rule: Configuring Sands of Eon artifact - Retracing Bolide] PASSED [ 36%]
test/face/scan/test_scan.py::test_scan_arti_drop[face.scan.rule: Configuring Sands of Eon artifact - Scholar] PASSED [ 37%]
test/face/scan/test_scan.py::test_scan_arti_drop[face.scan.rule: Configuring Sands of Eon artifact - Scroll of the Hero of Cinder City] PASSED [ 37%]
test/face/scan/test_scan.py::test_scan_arti_drop[face.scan.rule: Configuring Sands of Eon artifact - Shimenawa's Reminiscence] PASSED [ 37%]
test/face/scan/test_scan.py::test_scan_arti_drop[face.scan.rule: Configuring Sands of Eon artifact - Song of Days Past] PASSED [ 37%]
test/face/scan/test_scan.py::test_scan_arti_drop[face.scan.rule: Configuring Sands of Eon artifact - Tenacity of the Millelith] PASSED [ 37%]
test/face/scan/test_scan.py::test_scan_arti_drop[face.scan.rule: Configuring Sands of Eon artifact - The Exile] PASSED [ 37%]
test/face/scan/test_scan.py::test_scan_arti_drop[face.scan.rule: Configuring Sands of Eon artifact - Thundering Fury] PASSED [ 37%]
test/face/scan/test_scan.py::test_scan_arti_drop[face.scan.rule: Configuring Sands of Eon artifact - Thundersoother] PASSED [ 37%]
test/face/scan/test_scan.py::test_scan_arti_drop[face.scan.rule: Configuring Sands of Eon artifact - Tiny Miracle] PASSED [ 37%]
test/face/scan/test_scan.py::test_scan_arti_drop[face.scan.rule: Configuring Sands of Eon artifact - Traveling Doctor] PASSED [ 37%]
test/face/scan/test_scan.py::test_scan_arti_drop[face.scan.rule: Configuring Sands of Eon artifact - Unfinished Reverie] PASSED [ 37%]
test/face/scan/test_scan.py::test_scan_arti_drop[face.scan.rule: Configuring Sands of Eon artifact - Vermillion Hereafter] PASSED [ 37%]
test/face/scan/test_scan.py::test_scan_arti_drop[face.scan.rule: Configuring Sands of Eon artifact - Viridescent Venerer] PASSED [ 37%]
test/face/scan/test_scan.py::test_scan_arti_drop[face.scan.rule: Configuring Sands of Eon artifact - Vourukasha's Glow] PASSED [ 38%]
test/face/scan/test_scan.py::test_scan_arti_drop[face.scan.rule: Configuring Sands of Eon artifact - Wanderer's Troupe] PASSED [ 38%]
test/face/scan/test_scan.py::test_scan_arti_drop[face.scan.rule: Configuring Sands of Eon artifact - None] PASSED [ 38%]
test/face/scan/test_scan.py::test_scan_arti_drop[face.scan.rule: Configuring Goblet of Eonothem artifact - Adventurer] PASSED [ 38%]
test/face/scan/test_scan.py::test_scan_arti_drop[face.scan.rule: Configuring Goblet of Eonothem artifact - Archaic Petra] PASSED [ 38%]
test/face/scan/test_scan.py::test_scan_arti_drop[face.scan.rule: Configuring Goblet of Eonothem artifact - Berserker] PASSED [ 38%]
test/face/scan/test_scan.py::test_scan_arti_drop[face.scan.rule: Configuring Goblet of Eonothem artifact - Blizzard Strayer] PASSED [ 38%]
test/face/scan/test_scan.py::test_scan_arti_drop[face.scan.rule: Configuring Goblet of Eonothem artifact - Bloodstained Chivalry] PASSED [ 38%]
test/face/scan/test_scan.py::test_scan_arti_drop[face.scan.rule: Configuring Goblet of Eonothem artifact - Brave Heart] PASSED [ 38%]
test/face/scan/test_scan.py::test_scan_arti_drop[face.scan.rule: Configuring Goblet of Eonothem artifact - Crimson Witch of Flames] PASSED [ 38%]
test/face/scan/test_scan.py::test_scan_arti_drop[face.scan.rule: Configuring Goblet of Eonothem artifact - Deepwood Memories] PASSED [ 38%]
test/face/scan/test_scan.py::test_scan_arti_drop[face.scan.rule: Configuring Goblet of Eonothem artifact - Defender's Will] PASSED [ 38%]
test/face/scan/test_scan.py::test_scan_arti_drop[face.scan.rule: Configuring Goblet of Eonothem artifact - Desert Pavilion Chronicle] PASSED [ 38%]
test/face/scan/test_scan.py::test_scan_arti_drop[face.scan.rule: Configuring Goblet of Eonothem artifact - Echoes of an Offering] PASSED [ 39%]
test/face/scan/test_scan.py::test_scan_arti_drop[face.scan.rule: Configuring Goblet of Eonothem artifact - Emblem of Severed Fate] PASSED [ 39%]
test/face/scan/test_scan.py::test_scan_arti_drop[face.scan.rule: Configuring Goblet of Eonothem artifact - Flower of Paradise Lost] PASSED [ 39%]
test/face/scan/test_scan.py::test_scan_arti_drop[face.scan.rule: Configuring Goblet of Eonothem artifact - Fragment of Harmonic Whimsy] PASSED [ 39%]
test/face/scan/test_scan.py::test_scan_arti_drop[face.scan.rule: Configuring Goblet of Eonothem artifact - Gambler] PASSED [ 39%]
test/face/scan/test_scan.py::test_scan_arti_drop[face.scan.rule: Configuring Goblet of Eonothem artifact - Gilded Dreams] PASSED [ 39%]
test/face/scan/test_scan.py::test_scan_arti_drop[face.scan.rule: Configuring Goblet of Eonothem artifact - Gladiator's Finale] PASSED [ 39%]
test/face/scan/test_scan.py::test_scan_arti_drop[face.scan.rule: Configuring Goblet of Eonothem artifact - Golden Troupe] PASSED [ 39%]
test/face/scan/test_scan.py::test_scan_arti_drop[face.scan.rule: Configuring Goblet of Eonothem artifact - Heart of Depth] PASSED [ 39%]
test/face/scan/test_scan.py::test_scan_arti_drop[face.scan.rule: Configuring Goblet of Eonothem artifact - Husk of Opulent Dreams] PASSED [ 39%]
test/face/scan/test_scan.py::test_scan_arti_drop[face.scan.rule: Configuring Goblet of Eonothem artifact - Instructor] PASSED [ 39%]
test/face/scan/test_scan.py::test_scan_arti_drop[face.scan.rule: Configuring Goblet of Eonothem artifact - Lavawalker] PASSED [ 39%]
test/face/scan/test_scan.py::test_scan_arti_drop[face.scan.rule: Configuring Goblet of Eonothem artifact - Lucky Dog] PASSED [ 39%]
test/face/scan/test_scan.py::test_scan_arti_drop[face.scan.rule: Configuring Goblet of Eonothem artifact - Maiden Beloved] PASSED [ 39%]
test/face/scan/test_scan.py::test_scan_arti_drop[face.scan.rule: Configuring Goblet of Eonothem artifact - Marechaussee Hunter] PASSED [ 40%]
test/face/scan/test_scan.py::test_scan_arti_drop[face.scan.rule: Configuring Goblet of Eonothem artifact - Martial Artist] PASSED [ 40%]
test/face/scan/test_scan.py::test_scan_arti_drop[face.scan.rule: Configuring Goblet of Eonothem artifact - Nighttime Whispers in the Echoing Woods] PASSED [ 40%]
test/face/scan/test_scan.py::test_scan_arti_drop[face.scan.rule: Configuring Goblet of Eonothem artifact - Noblesse Oblige] PASSED [ 40%]
test/face/scan/test_scan.py::test_scan_arti_drop[face.scan.rule: Configuring Goblet of Eonothem artifact - Nymph's Dream] PASSED [ 40%]
test/face/scan/test_scan.py::test_scan_arti_drop[face.scan.rule: Configuring Goblet of Eonothem artifact - Obsidian Codex] PASSED [ 40%]
test/face/scan/test_scan.py::test_scan_arti_drop[face.scan.rule: Configuring Goblet of Eonothem artifact - Ocean-Hued Clam] PASSED [ 40%]
test/face/scan/test_scan.py::test_scan_arti_drop[face.scan.rule: Configuring Goblet of Eonothem artifact - Pale Flame] PASSED [ 40%]
test/face/scan/test_scan.py::test_scan_arti_drop[face.scan.rule: Configuring Goblet of Eonothem artifact - Resolution of Sojourner] PASSED [ 40%]
test/face/scan/test_scan.py::test_scan_arti_drop[face.scan.rule: Configuring Goblet of Eonothem artifact - Retracing Bolide] PASSED [ 40%]
test/face/scan/test_scan.py::test_scan_arti_drop[face.scan.rule: Configuring Goblet of Eonothem artifact - Scholar] PASSED [ 40%]
test/face/scan/test_scan.py::test_scan_arti_drop[face.scan.rule: Configuring Goblet of Eonothem artifact - Scroll of the Hero of Cinder City] PASSED [ 40%]
test/face/scan/test_scan.py::test_scan_arti_drop[face.scan.rule: Configuring Goblet of Eonothem artifact - Shimenawa's Reminiscence] PASSED [ 40%]
test/face/scan/test_scan.py::test_scan_arti_drop[face.scan.rule: Configuring Goblet of Eonothem artifact - Song of Days Past] PASSED [ 41%]
test/face/scan/test_scan.py::test_scan_arti_drop[face.scan.rule: Configuring Goblet of Eonothem artifact - Tenacity of the Millelith] PASSED [ 41%]
test/face/scan/test_scan.py::test_scan_arti_drop[face.scan.rule: Configuring Goblet of Eonothem artifact - The Exile] PASSED [ 41%]
test/face/scan/test_scan.py::test_scan_arti_drop[face.scan.rule: Configuring Goblet of Eonothem artifact - Thundering Fury] PASSED [ 41%]
test/face/scan/test_scan.py::test_scan_arti_drop[face.scan.rule: Configuring Goblet of Eonothem artifact - Thundersoother] PASSED [ 41%]
test/face/scan/test_scan.py::test_scan_arti_drop[face.scan.rule: Configuring Goblet of Eonothem artifact - Tiny Miracle] PASSED [ 41%]
test/face/scan/test_scan.py::test_scan_arti_drop[face.scan.rule: Configuring Goblet of Eonothem artifact - Traveling Doctor] PASSED [ 41%]
test/face/scan/test_scan.py::test_scan_arti_drop[face.scan.rule: Configuring Goblet of Eonothem artifact - Unfinished Reverie] PASSED [ 41%]
test/face/scan/test_scan.py::test_scan_arti_drop[face.scan.rule: Configuring Goblet of Eonothem artifact - Vermillion Hereafter] PASSED [ 41%]
test/face/scan/test_scan.py::test_scan_arti_drop[face.scan.rule: Configuring Goblet of Eonothem artifact - Viridescent Venerer] PASSED [ 41%]
test/face/scan/test_scan.py::test_scan_arti_drop[face.scan.rule: Configuring Goblet of Eonothem artifact - Vourukasha's Glow] PASSED [ 41%]
test/face/scan/test_scan.py::test_scan_arti_drop[face.scan.rule: Configuring Goblet of Eonothem artifact - Wanderer's Troupe] PASSED [ 41%]
test/face/scan/test_scan.py::test_scan_arti_drop[face.scan.rule: Configuring Goblet of Eonothem artifact - None] PASSED [ 41%]
test/face/scan/test_scan.py::test_scan_arti_drop[face.scan.rule: Configuring Circlet of Logos artifact - Adventurer] PASSED [ 41%]
test/face/scan/test_scan.py::test_scan_arti_drop[face.scan.rule: Configuring Circlet of Logos artifact - Archaic Petra] PASSED [ 42%]
test/face/scan/test_scan.py::test_scan_arti_drop[face.scan.rule: Configuring Circlet of Logos artifact - Berserker] PASSED [ 42%]
test/face/scan/test_scan.py::test_scan_arti_drop[face.scan.rule: Configuring Circlet of Logos artifact - Blizzard Strayer] PASSED [ 42%]
test/face/scan/test_scan.py::test_scan_arti_drop[face.scan.rule: Configuring Circlet of Logos artifact - Bloodstained Chivalry] PASSED [ 42%]
test/face/scan/test_scan.py::test_scan_arti_drop[face.scan.rule: Configuring Circlet of Logos artifact - Brave Heart] PASSED [ 42%]
test/face/scan/test_scan.py::test_scan_arti_drop[face.scan.rule: Configuring Circlet of Logos artifact - Crimson Witch of Flames] PASSED [ 42%]
test/face/scan/test_scan.py::test_scan_arti_drop[face.scan.rule: Configuring Circlet of Logos artifact - Deepwood Memories] PASSED [ 42%]
test/face/scan/test_scan.py::test_scan_arti_drop[face.scan.rule: Configuring Circlet of Logos artifact - Defender's Will] PASSED [ 42%]
test/face/scan/test_scan.py::test_scan_arti_drop[face.scan.rule: Configuring Circlet of Logos artifact - Desert Pavilion Chronicle] PASSED [ 42%]
test/face/scan/test_scan.py::test_scan_arti_drop[face.scan.rule: Configuring Circlet of Logos artifact - Echoes of an Offering] PASSED [ 42%]
test/face/scan/test_scan.py::test_scan_arti_drop[face.scan.rule: Configuring Circlet of Logos artifact - Emblem of Severed Fate] PASSED [ 42%]
test/face/scan/test_scan.py::test_scan_arti_drop[face.scan.rule: Configuring Circlet of Logos artifact - Flower of Paradise Lost] PASSED [ 42%]
test/face/scan/test_scan.py::test_scan_arti_drop[face.scan.rule: Configuring Circlet of Logos artifact - Fragment of Harmonic Whimsy] PASSED [ 42%]
test/face/scan/test_scan.py::test_scan_arti_drop[face.scan.rule: Configuring Circlet of Logos artifact - Gambler] PASSED [ 43%]
test/face/scan/test_scan.py::test_scan_arti_drop[face.scan.rule: Configuring Circlet of Logos artifact - Gilded Dreams] PASSED [ 43%]
test/face/scan/test_scan.py::test_scan_arti_drop[face.scan.rule: Configuring Circlet of Logos artifact - Gladiator's Finale] PASSED [ 43%]
test/face/scan/test_scan.py::test_scan_arti_drop[face.scan.rule: Configuring Circlet of Logos artifact - Golden Troupe] PASSED [ 43%]
test/face/scan/test_scan.py::test_scan_arti_drop[face.scan.rule: Configuring Circlet of Logos artifact - Heart of Depth] PASSED [ 43%]
test/face/scan/test_scan.py::test_scan_arti_drop[face.scan.rule: Configuring Circlet of Logos artifact - Husk of Opulent Dreams] PASSED [ 43%]
test/face/scan/test_scan.py::test_scan_arti_drop[face.scan.rule: Configuring Circlet of Logos artifact - Instructor] PASSED [ 43%]
test/face/scan/test_scan.py::test_scan_arti_drop[face.scan.rule: Configuring Circlet of Logos artifact - Lavawalker] PASSED [ 43%]
test/face/scan/test_scan.py::test_scan_arti_drop[face.scan.rule: Configuring Circlet of Logos artifact - Lucky Dog] PASSED [ 43%]
test/face/scan/test_scan.py::test_scan_arti_drop[face.scan.rule: Configuring Circlet of Logos artifact - Maiden Beloved] PASSED [ 43%]
test/face/scan/test_scan.py::test_scan_arti_drop[face.scan.rule: Configuring Circlet of Logos artifact - Marechaussee Hunter] PASSED [ 43%]
test/face/scan/test_scan.py::test_scan_arti_drop[face.scan.rule: Configuring Circlet of Logos artifact - Martial Artist] PASSED [ 43%]
test/face/scan/test_scan.py::test_scan_arti_drop[face.scan.rule: Configuring Circlet of Logos artifact - Nighttime Whispers in the Echoing Woods] PASSED [ 43%]
test/face/scan/test_scan.py::test_scan_arti_drop[face.scan.rule: Configuring Circlet of Logos artifact - Noblesse Oblige] PASSED [ 43%]
test/face/scan/test_scan.py::test_scan_arti_drop[face.scan.rule: Configuring Circlet of Logos artifact - Nymph's Dream] PASSED [ 44%]
test/face/scan/test_scan.py::test_scan_arti_drop[face.scan.rule: Configuring Circlet of Logos artifact - Obsidian Codex] PASSED [ 44%]
test/face/scan/test_scan.py::test_scan_arti_drop[face.scan.rule: Configuring Circlet of Logos artifact - Ocean-Hued Clam] PASSED [ 44%]
test/face/scan/test_scan.py::test_scan_arti_drop[face.scan.rule: Configuring Circlet of Logos artifact - Pale Flame] PASSED [ 44%]
test/face/scan/test_scan.py::test_scan_arti_drop[face.scan.rule: Configuring Circlet of Logos artifact - Resolution of Sojourner] PASSED [ 44%]
test/face/scan/test_scan.py::test_scan_arti_drop[face.scan.rule: Configuring Circlet of Logos artifact - Retracing Bolide] PASSED [ 44%]
test/face/scan/test_scan.py::test_scan_arti_drop[face.scan.rule: Configuring Circlet of Logos artifact - Scholar] PASSED [ 44%]
test/face/scan/test_scan.py::test_scan_arti_drop[face.scan.rule: Configuring Circlet of Logos artifact - Scroll of the Hero of Cinder City] PASSED [ 44%]
test/face/scan/test_scan.py::test_scan_arti_drop[face.scan.rule: Configuring Circlet of Logos artifact - Shimenawa's Reminiscence] PASSED [ 44%]
test/face/scan/test_scan.py::test_scan_arti_drop[face.scan.rule: Configuring Circlet of Logos artifact - Song of Days Past] PASSED [ 44%]
test/face/scan/test_scan.py::test_scan_arti_drop[face.scan.rule: Configuring Circlet of Logos artifact - Tenacity of the Millelith] PASSED [ 44%]
test/face/scan/test_scan.py::test_scan_arti_drop[face.scan.rule: Configuring Circlet of Logos artifact - The Exile] PASSED [ 44%]
test/face/scan/test_scan.py::test_scan_arti_drop[face.scan.rule: Configuring Circlet of Logos artifact - Thundering Fury] PASSED [ 44%]
test/face/scan/test_scan.py::test_scan_arti_drop[face.scan.rule: Configuring Circlet of Logos artifact - Thundersoother] PASSED [ 45%]
test/face/scan/test_scan.py::test_scan_arti_drop[face.scan.rule: Configuring Circlet of Logos artifact - Tiny Miracle] PASSED [ 45%]
test/face/scan/test_scan.py::test_scan_arti_drop[face.scan.rule: Configuring Circlet of Logos artifact - Traveling Doctor] PASSED [ 45%]
test/face/scan/test_scan.py::test_scan_arti_drop[face.scan.rule: Configuring Circlet of Logos artifact - Unfinished Reverie] PASSED [ 45%]
test/face/scan/test_scan.py::test_scan_arti_drop[face.scan.rule: Configuring Circlet of Logos artifact - Vermillion Hereafter] PASSED [ 45%]
test/face/scan/test_scan.py::test_scan_arti_drop[face.scan.rule: Configuring Circlet of Logos artifact - Viridescent Venerer] PASSED [ 45%]
test/face/scan/test_scan.py::test_scan_arti_drop[face.scan.rule: Configuring Circlet of Logos artifact - Vourukasha's Glow] PASSED [ 45%]
test/face/scan/test_scan.py::test_scan_arti_drop[face.scan.rule: Configuring Circlet of Logos artifact - Wanderer's Troupe] PASSED [ 45%]
test/face/scan/test_scan.py::test_scan_arti_drop[face.scan.rule: Configuring Circlet of Logos artifact - None] PASSED [ 45%]
test/face/scan/test_scan.py::test_scan_arti_wipe[face.scan.rule: Clearing artifact] PASSED [ 45%]
test/face/scan/test_scan.py::test_scan_arti_load[face.scan.rule: Test OCR functionality] FAILED [ 45%]
test/face/scan/test_scan.py::test_scan_arti_load[face.scan.rule: Test OCR functionality] ERROR [ 45%]
test/face/scan/test_scan.py::test_scan_arti_scan_fail[face.scan.rule: Failing to scan the artifact snapshot] PASSED [ 45%]
test/face/scan/test_scan.py::test_scan_arti_load_nope[face.scan.rule: Cancelling loading an artifact snapshot] PASSED [ 45%]
test/face/scan/test_scan.py::test_scan_tessexec_load[face.scan.rule: Actual loading of Tesseract OCR executable in Linux] PASSED [ 46%]
test/face/scan/test_scan.py::test_scan_tessexec_load[face.scan.rule: Actual loading of Tesseract OCR executable in Windows] PASSED [ 46%]
test/face/scan/test_scan.py::test_scan_tessexec_load_fail[face.scan.rule: Failing to load the Tesseract OCR executable] PASSED [ 46%]
test/face/scan/test_scan.py::test_scan_register_fail[face.scan.rule: Failing of register function with OSError] PASSED [ 46%]
test/face/scan/test_scan.py::test_scan_register_fail[face.scan.rule: Failing of register function with TesseractError] PASSED [ 46%]
test/face/scan/test_scan.py::test_scan_snapshot_wipe[face.scan.rule: Clearing snapshot] PASSED [ 46%]
test/face/scan/test_scan.py::test_scan_import_arti[face.scan.rule: Importing Flower of Life artifact information in MainWindow] PASSED [ 46%]
test/face/scan/test_scan.py::test_scan_import_arti[face.scan.rule: Importing Plume of Death artifact information in MainWindow] PASSED [ 46%]
test/face/scan/test_scan.py::test_scan_import_arti[face.scan.rule: Importing Sands of Eon artifact information in MainWindow] FAILED [ 46%]
test/face/scan/test_scan.py::test_scan_import_arti[face.scan.rule: Importing Goblet of Eonothem artifact information in MainWindow] PASSED [ 46%]
test/face/scan/test_scan.py::test_scan_import_arti[face.scan.rule: Importing Circlet of Logos artifact information in MainWindow] FAILED [ 46%]
test/face/scan/test_scan.py::test_scan_import_arti_flty[face.scan.rule: Importing faulty artifact information in MainWindow] PASSED [ 46%]
test/face/scan/test_scan.py::test_scan_contents_keyboard_shortcut[face.scan.rule: Processing Flower of Life artifact information from the keyboard shortcut] PASSED [ 46%]
test/face/scan/test_scan.py::test_scan_contents_keyboard_shortcut[face.scan.rule: Processing Plume of Death artifact information from the keyboard shortcut] PASSED [ 46%]
test/face/scan/test_scan.py::test_scan_contents_keyboard_shortcut[face.scan.rule: Processing Sands of Eon artifact information from the keyboard shortcut] PASSED [ 47%]
test/face/scan/test_scan.py::test_scan_contents_keyboard_shortcut[face.scan.rule: Processing Goblet of Eonothem artifact information from the keyboard shortcut] PASSED [ 47%]
test/face/scan/test_scan.py::test_scan_contents_keyboard_shortcut[face.scan.rule: Processing Circlet of Logos artifact information from the keyboard shortcut] PASSED [ 47%]
test/face/scan/test_scan.py::test_scan_contents_dasd_action[face.scan.rule: Processing Flower of Life artifact information from the drag-and-drop action] PASSED [ 47%]
test/face/scan/test_scan.py::test_scan_contents_dasd_action[face.scan.rule: Processing Plume of Death artifact information from the drag-and-drop action] PASSED [ 47%]
test/face/scan/test_scan.py::test_scan_contents_dasd_action[face.scan.rule: Processing Sands of Eon artifact information from the drag-and-drop action] PASSED [ 47%]
test/face/scan/test_scan.py::test_scan_contents_dasd_action[face.scan.rule: Processing Goblet of Eonothem artifact information from the drag-and-drop action] PASSED [ 47%]
test/face/scan/test_scan.py::test_scan_contents_dasd_action[face.scan.rule: Processing Circlet of Logos artifact information from the drag-and-drop action] PASSED [ 47%]
test/face/scan/test_scan.py::test_scan_arti_load_fail_ic[face.scan.rule: Failing to load the artifact snapshot due to invalid contents] PASSED [ 47%]
test/face/scan/test_scan.py::test_scan_arti_scan_fail_ic[face.scan.rule: Failing to scan the artifact snapshot due to invalid contents] PASSED [ 47%]
test/face/scan/test_scan.py::test_scan_arti_load_fail[face.scan.rule: Failing to load the artifact snapshot] PASSED [ 47%]
test/face/scan/test_scan.py::test_wind_import_arti[face.scan.rule: Importing Flower of Life artifact information in MainWindow] PASSED [ 47%]
test/face/scan/test_scan.py::test_wind_import_arti[face.scan.rule: Importing Plume of Death artifact information in MainWindow] PASSED [ 47%]
test/face/scan/test_scan.py::test_wind_import_arti[face.scan.rule: Importing Sands of Eon artifact information in MainWindow] PASSED [ 48%]
test/face/scan/test_scan.py::test_wind_import_arti[face.scan.rule: Importing Goblet of Eonothem artifact information in MainWindow] PASSED [ 48%]
test/face/scan/test_scan.py::test_wind_import_arti[face.scan.rule: Importing Circlet of Logos artifact information in MainWindow] PASSED [ 48%]
test/face/wind/arti/test_arti.py::test_arti_drop[face.wind.rule: Configuration artifact - Adventurer] PASSED [ 48%]
test/face/wind/arti/test_arti.py::test_arti_drop[face.wind.rule: Configuration artifact - Archaic Petra] PASSED [ 48%]
test/face/wind/arti/test_arti.py::test_arti_drop[face.wind.rule: Configuration artifact - Berserker] PASSED [ 48%]
test/face/wind/arti/test_arti.py::test_arti_drop[face.wind.rule: Configuration artifact - Blizzard Strayer] PASSED [ 48%]
test/face/wind/arti/test_arti.py::test_arti_drop[face.wind.rule: Configuration artifact - Bloodstained Chivalry] PASSED [ 48%]
test/face/wind/arti/test_arti.py::test_arti_drop[face.wind.rule: Configuration artifact - Brave Heart] PASSED [ 48%]
test/face/wind/arti/test_arti.py::test_arti_drop[face.wind.rule: Configuration artifact - Crimson Witch of Flames] PASSED [ 48%]
test/face/wind/arti/test_arti.py::test_arti_drop[face.wind.rule: Configuration artifact - Deepwood Memories] PASSED [ 48%]
test/face/wind/arti/test_arti.py::test_arti_drop[face.wind.rule: Configuration artifact - Defender's Will] PASSED [ 48%]
test/face/wind/arti/test_arti.py::test_arti_drop[face.wind.rule: Configuration artifact - Desert Pavilion Chronicle] PASSED [ 48%]
test/face/wind/arti/test_arti.py::test_arti_drop[face.wind.rule: Configuration artifact - Echoes of an Offering] PASSED [ 48%]
test/face/wind/arti/test_arti.py::test_arti_drop[face.wind.rule: Configuration artifact - Emblem of Severed Fate] PASSED [ 49%]
test/face/wind/arti/test_arti.py::test_arti_drop[face.wind.rule: Configuration artifact - Flower of Paradise Lost] PASSED [ 49%]
test/face/wind/arti/test_arti.py::test_arti_drop[face.wind.rule: Configuration artifact - Fragment of Harmonic Whimsy] PASSED [ 49%]
test/face/wind/arti/test_arti.py::test_arti_drop[face.wind.rule: Configuration artifact - Gambler] PASSED [ 49%]
test/face/wind/arti/test_arti.py::test_arti_drop[face.wind.rule: Configuration artifact - Gilded Dreams] PASSED [ 49%]
test/face/wind/arti/test_arti.py::test_arti_drop[face.wind.rule: Configuration artifact - Gladiator's Finale] PASSED [ 49%]
test/face/wind/arti/test_arti.py::test_arti_drop[face.wind.rule: Configuration artifact - Golden Troupe] PASSED [ 49%]
test/face/wind/arti/test_arti.py::test_arti_drop[face.wind.rule: Configuration artifact - Heart of Depth] PASSED [ 49%]
test/face/wind/arti/test_arti.py::test_arti_drop[face.wind.rule: Configuration artifact - Husk of Opulent Dreams] PASSED [ 49%]
test/face/wind/arti/test_arti.py::test_arti_drop[face.wind.rule: Configuration artifact - Instructor] PASSED [ 49%]
test/face/wind/arti/test_arti.py::test_arti_drop[face.wind.rule: Configuration artifact - Lavawalker] PASSED [ 49%]
test/face/wind/arti/test_arti.py::test_arti_drop[face.wind.rule: Configuration artifact - Lucky Dog] PASSED [ 49%]
test/face/wind/arti/test_arti.py::test_arti_drop[face.wind.rule: Configuration artifact - Maiden Beloved] PASSED [ 49%]
test/face/wind/arti/test_arti.py::test_arti_drop[face.wind.rule: Configuration artifact - Marechaussee Hunter] PASSED [ 50%]
test/face/wind/arti/test_arti.py::test_arti_drop[face.wind.rule: Configuration artifact - Martial Artist] PASSED [ 50%]
test/face/wind/arti/test_arti.py::test_arti_drop[face.wind.rule: Configuration artifact - Nighttime Whispers in the Echoing Woods] PASSED [ 50%]
test/face/wind/arti/test_arti.py::test_arti_drop[face.wind.rule: Configuration artifact - Noblesse Oblige] PASSED [ 50%]
test/face/wind/arti/test_arti.py::test_arti_drop[face.wind.rule: Configuration artifact - Nymph's Dream] PASSED [ 50%]
test/face/wind/arti/test_arti.py::test_arti_drop[face.wind.rule: Configuration artifact - Obsidian Codex] PASSED [ 50%]
test/face/wind/arti/test_arti.py::test_arti_drop[face.wind.rule: Configuration artifact - Ocean-Hued Clam] PASSED [ 50%]
test/face/wind/arti/test_arti.py::test_arti_drop[face.wind.rule: Configuration artifact - Pale Flame] PASSED [ 50%]
test/face/wind/arti/test_arti.py::test_arti_drop[face.wind.rule: Configuration artifact - Resolution of Sojourner] PASSED [ 50%]
test/face/wind/arti/test_arti.py::test_arti_drop[face.wind.rule: Configuration artifact - Retracing Bolide] PASSED [ 50%]
test/face/wind/arti/test_arti.py::test_arti_drop[face.wind.rule: Configuration artifact - Scholar] PASSED [ 50%]
test/face/wind/arti/test_arti.py::test_arti_drop[face.wind.rule: Configuration artifact - Scroll of the Hero of Cinder City] PASSED [ 50%]
test/face/wind/arti/test_arti.py::test_arti_drop[face.wind.rule: Configuration artifact - Shimenawa's Reminiscence] PASSED [ 50%]
test/face/wind/arti/test_arti.py::test_arti_drop[face.wind.rule: Configuration artifact - Song of Days Past] PASSED [ 51%]
test/face/wind/arti/test_arti.py::test_arti_drop[face.wind.rule: Configuration artifact - Tenacity of the Millelith] PASSED [ 51%]
test/face/wind/arti/test_arti.py::test_arti_drop[face.wind.rule: Configuration artifact - The Exile] PASSED [ 51%]
test/face/wind/arti/test_arti.py::test_arti_drop[face.wind.rule: Configuration artifact - Thundering Fury] PASSED [ 51%]
test/face/wind/arti/test_arti.py::test_arti_drop[face.wind.rule: Configuration artifact - Thundersoother] PASSED [ 51%]
test/face/wind/arti/test_arti.py::test_arti_drop[face.wind.rule: Configuration artifact - Tiny Miracle] PASSED [ 51%]
test/face/wind/arti/test_arti.py::test_arti_drop[face.wind.rule: Configuration artifact - Traveling Doctor] PASSED [ 51%]
test/face/wind/arti/test_arti.py::test_arti_drop[face.wind.rule: Configuration artifact - Unfinished Reverie] PASSED [ 51%]
test/face/wind/arti/test_arti.py::test_arti_drop[face.wind.rule: Configuration artifact - Vermillion Hereafter] PASSED [ 51%]
test/face/wind/arti/test_arti.py::test_arti_drop[face.wind.rule: Configuration artifact - Viridescent Venerer] PASSED [ 51%]
test/face/wind/arti/test_arti.py::test_arti_drop[face.wind.rule: Configuration artifact - Vourukasha's Glow] PASSED [ 51%]
test/face/wind/arti/test_arti.py::test_arti_drop[face.wind.rule: Configuration artifact - Wanderer's Troupe] PASSED [ 51%]
test/face/wind/arti/test_arti.py::test_arti_drop[face.wind.rule: Configuration artifact - None] PASSED [ 51%]
test/face/wind/arti/test_arti.py::test_arti_wipe[face.wind.rule: Clearing the 'Flower of Life' area] PASSED [ 51%]
test/face/wind/arti/test_arti.py::test_arti_wipe[face.wind.rule: Clearing the 'Plume of Death' area] PASSED [ 52%]
test/face/wind/arti/test_arti.py::test_arti_wipe[face.wind.rule: Clearing the 'Sands of Eon' area] PASSED [ 52%]
test/face/wind/arti/test_arti.py::test_arti_wipe[face.wind.rule: Clearing the 'Goblet of Eonothem' area] PASSED [ 52%]
test/face/wind/arti/test_arti.py::test_arti_wipe[face.wind.rule: Clearing the 'Circlet of Logos' area] PASSED [ 52%]
test/face/wind/arti/test_arti_file.py::test_arti_save_none[face.wind.rule: Saving a 'None' artifact from 'Flower of Life' area] PASSED [ 52%]
test/face/wind/arti/test_arti_file.py::test_arti_save_none[face.wind.rule: Saving a 'None' artifact from 'Plume of Death' area] PASSED [ 52%]
test/face/wind/arti/test_arti_file.py::test_arti_save_none[face.wind.rule: Saving a 'None' artifact from 'Sands of Eon' area] PASSED [ 52%]
test/face/wind/arti/test_arti_file.py::test_arti_save_none[face.wind.rule: Saving a 'None' artifact from 'Goblet of Eonothem' area] PASSED [ 52%]
test/face/wind/arti/test_arti_file.py::test_arti_save_none[face.wind.rule: Saving a 'None' artifact from 'Circlet of Logos' area] PASSED [ 52%]
test/face/wind/arti/test_arti_file.py::test_arti_save_name[face.wind.rule: Saving an artifact from 'Flower of Life' area] PASSED [ 52%]
test/face/wind/arti/test_arti_file.py::test_arti_save_name[face.wind.rule: Saving an artifact from 'Plume of Death' area] PASSED [ 52%]
test/face/wind/arti/test_arti_file.py::test_arti_save_name[face.wind.rule: Saving an artifact from 'Sands of Eon' area] PASSED [ 52%]
test/face/wind/arti/test_arti_file.py::test_arti_save_name[face.wind.rule: Saving an artifact from 'Goblet of Eonothem' area] PASSED [ 52%]
test/face/wind/arti/test_arti_file.py::test_arti_save_name[face.wind.rule: Saving an artifact from 'Circlet of Logos' area] PASSED [ 53%]
test/face/wind/arti/test_arti_file.py::test_arti_save_fail[face.wind.rule: Failing to save an artifact from 'Flower of Life' area] PASSED [ 53%]
test/face/wind/arti/test_arti_file.py::test_arti_save_fail[face.wind.rule: Failing to save an artifact from 'Plume of Death' area] PASSED [ 53%]
test/face/wind/arti/test_arti_file.py::test_arti_save_fail[face.wind.rule: Failing to save an artifact from 'Sands of Eon' area] PASSED [ 53%]
test/face/wind/arti/test_arti_file.py::test_arti_save_fail[face.wind.rule: Failing to save an artifact from 'Goblet of Eonothem' area] PASSED [ 53%]
test/face/wind/arti/test_arti_file.py::test_arti_save_fail[face.wind.rule: Failing to save an artifact from 'Circlet of Logos' area] PASSED [ 53%]
test/face/wind/arti/test_arti_file.py::test_arti_load_yaml[face.wind.rule: Loading an artifact into 'Flower of Life' area from YAML data] PASSED [ 53%]
test/face/wind/arti/test_arti_file.py::test_arti_load_yaml[face.wind.rule: Loading an artifact into 'Plume of Death' area from YAML data] PASSED [ 53%]
test/face/wind/arti/test_arti_file.py::test_arti_load_yaml[face.wind.rule: Loading an artifact into 'Sands of Eon' area from YAML data] PASSED [ 53%]
test/face/wind/arti/test_arti_file.py::test_arti_load_yaml[face.wind.rule: Loading an artifact into 'Goblet of Eonothem' area from YAML data] PASSED [ 53%]
test/face/wind/arti/test_arti_file.py::test_arti_load_yaml[face.wind.rule: Loading an artifact into 'Circlet of Logos' area from YAML data] PASSED [ 53%]
test/face/wind/arti/test_arti_file.py::test_arti_load_json[face.wind.rule: Loading an artifact into 'Flower of Life' area from JSON data] PASSED [ 53%]
test/face/wind/arti/test_arti_file.py::test_arti_load_json[face.wind.rule: Loading an artifact into 'Plume of Death' area from JSON data] PASSED [ 53%]
test/face/wind/arti/test_arti_file.py::test_arti_load_json[face.wind.rule: Loading an artifact into 'Sands of Eon' area from JSON data] PASSED [ 53%]
test/face/wind/arti/test_arti_file.py::test_arti_load_json[face.wind.rule: Loading an artifact into 'Goblet of Eonothem' area from JSON data] PASSED [ 54%]
test/face/wind/arti/test_arti_file.py::test_arti_load_json[face.wind.rule: Loading an artifact into 'Circlet of Logos' area from JSON data] PASSED [ 54%]
test/face/wind/arti/test_arti_file.py::test_arti_load_nope[face.wind.rule: Cancelling loading an artifact into 'Flower of Life' area] PASSED [ 54%]
test/face/wind/arti/test_arti_file.py::test_arti_load_nope[face.wind.rule: Cancelling loading an artifact into 'Plume of Death' area] PASSED [ 54%]
test/face/wind/arti/test_arti_file.py::test_arti_load_nope[face.wind.rule: Cancelling loading an artifact into 'Sands of Eon' area] PASSED [ 54%]
test/face/wind/arti/test_arti_file.py::test_arti_load_nope[face.wind.rule: Cancelling loading an artifact into 'Goblet of Eonothem' area] PASSED [ 54%]
test/face/wind/arti/test_arti_file.py::test_arti_load_nope[face.wind.rule: Cancelling loading an artifact into 'Circlet of Logos' area] PASSED [ 54%]
test/face/wind/arti/test_arti_file.py::test_arti_load_void[face.wind.rule: Loading an artifact into 'Flower of Life' area from an empty file] PASSED [ 54%]
test/face/wind/arti/test_arti_file.py::test_arti_load_void[face.wind.rule: Loading an artifact into 'Plume of Death' area from an empty file] PASSED [ 54%]
test/face/wind/arti/test_arti_file.py::test_arti_load_void[face.wind.rule: Loading an artifact into 'Sands of Eon' area from an empty file] PASSED [ 54%]
test/face/wind/arti/test_arti_file.py::test_arti_load_void[face.wind.rule: Loading an artifact into 'Goblet of Eonothem' area from an empty file] PASSED [ 54%]
test/face/wind/arti/test_arti_file.py::test_arti_load_void[face.wind.rule: Loading an artifact into 'Circlet of Logos' area from an empty file] PASSED [ 54%]
test/face/wind/arti/test_arti_file.py::test_arti_load_awry[face.wind.rule: Loading an artifact with incorrect area into 'Flower of Life' area from YAML data] PASSED [ 54%]
test/face/wind/arti/test_arti_file.py::test_arti_load_awry[face.wind.rule: Loading an artifact with incorrect area into 'Plume of Death' area from YAML data] PASSED [ 55%]
test/face/wind/arti/test_arti_file.py::test_arti_load_awry[face.wind.rule: Loading an artifact with incorrect area into 'Sands of Eon' area from YAML data] PASSED [ 55%]
test/face/wind/arti/test_arti_file.py::test_arti_load_awry[face.wind.rule: Loading an artifact with incorrect area into 'Goblet of Eonothem' area from YAML data] PASSED [ 55%]
test/face/wind/arti/test_arti_file.py::test_arti_load_awry[face.wind.rule: Loading an artifact with incorrect area into 'Circlet of Logos' area from YAML data] PASSED [ 55%]
test/face/wind/arti/test_arti_file.py::test_arti_load_awry[face.wind.rule: Loading an artifact with incorrect area into 'Flower of Life' area from JSON data] PASSED [ 55%]
test/face/wind/arti/test_arti_file.py::test_arti_load_awry[face.wind.rule: Loading an artifact with incorrect area into 'Plume of Death' area from JSON data] PASSED [ 55%]
test/face/wind/arti/test_arti_file.py::test_arti_load_awry[face.wind.rule: Loading an artifact with incorrect area into 'Sands of Eon' area from JSON data] PASSED [ 55%]
test/face/wind/arti/test_arti_file.py::test_arti_load_awry[face.wind.rule: Loading an artifact with incorrect area into 'Goblet of Eonothem' area from JSON data] PASSED [ 55%]
test/face/wind/arti/test_arti_file.py::test_arti_load_awry[face.wind.rule: Loading an artifact with incorrect area into 'Circlet of Logos' area from JSON data] PASSED [ 55%]
test/face/wind/arti/test_arti_file.py::test_arti_load_name[face.wind.rule: Loading an artifact with incorrect substats into 'Flower of Life' area from YAML data] PASSED [ 55%]
test/face/wind/arti/test_arti_file.py::test_arti_load_name[face.wind.rule: Loading an artifact with incorrect substats into 'Plume of Death' area from YAML data] PASSED [ 55%]
test/face/wind/arti/test_arti_file.py::test_arti_load_name[face.wind.rule: Loading an artifact with incorrect substats into 'Sands of Eon' area from YAML data] PASSED [ 55%]
test/face/wind/arti/test_arti_file.py::test_arti_load_name[face.wind.rule: Loading an artifact with incorrect substats into 'Goblet of Eonothem' area from YAML data] PASSED [ 55%]
test/face/wind/arti/test_arti_file.py::test_arti_load_name[face.wind.rule: Loading an artifact with incorrect substats into 'Circlet of Logos' area from YAML data] PASSED [ 56%]
test/face/wind/arti/test_arti_file.py::test_arti_load_name[face.wind.rule: Loading an artifact with incorrect substats into 'Flower of Life' area from JSON data] PASSED [ 56%]
test/face/wind/arti/test_arti_file.py::test_arti_load_name[face.wind.rule: Loading an artifact with incorrect substats into 'Plume of Death' area from JSON data] PASSED [ 56%]
test/face/wind/arti/test_arti_file.py::test_arti_load_name[face.wind.rule: Loading an artifact with incorrect substats into 'Sands of Eon' area from JSON data] PASSED [ 56%]
test/face/wind/arti/test_arti_file.py::test_arti_load_name[face.wind.rule: Loading an artifact with incorrect substats into 'Goblet of Eonothem' area from JSON data] PASSED [ 56%]
test/face/wind/arti/test_arti_file.py::test_arti_load_name[face.wind.rule: Loading an artifact with incorrect substats into 'Circlet of Logos' area from JSON data] PASSED [ 56%]
test/face/wind/arti/test_arti_file.py::test_arti_save_yaml_actual[face.wind.rule: Saving an artifact from 'Flower of Life' area actually as a YAML file] PASSED [ 56%]
test/face/wind/arti/test_arti_file.py::test_arti_save_yaml_actual[face.wind.rule: Saving an artifact from 'Plume of Death' area actually as a YAML file] PASSED [ 56%]
test/face/wind/arti/test_arti_file.py::test_arti_save_yaml_actual[face.wind.rule: Saving an artifact from 'Sands of Eon' area actually as a YAML file] PASSED [ 56%]
test/face/wind/arti/test_arti_file.py::test_arti_save_yaml_actual[face.wind.rule: Saving an artifact from 'Goblet of Eonothem' area actually as a YAML file] PASSED [ 56%]
test/face/wind/arti/test_arti_file.py::test_arti_save_yaml_actual[face.wind.rule: Saving an artifact from 'Circlet of Logos' area actually as a YAML file] PASSED [ 56%]
test/face/wind/arti/test_arti_file.py::test_arti_save_json_actual[face.wind.rule: Saving an artifact from 'Flower of Life' area actually as a JSON file] PASSED [ 56%]
test/face/wind/arti/test_arti_file.py::test_arti_save_json_actual[face.wind.rule: Saving an artifact from 'Plume of Death' area actually as a JSON file] PASSED [ 56%]
test/face/wind/arti/test_arti_file.py::test_arti_save_json_actual[face.wind.rule: Saving an artifact from 'Sands of Eon' area actually as a JSON file] PASSED [ 56%]
test/face/wind/arti/test_arti_file.py::test_arti_save_json_actual[face.wind.rule: Saving an artifact from 'Goblet of Eonothem' area actually as a JSON file] PASSED [ 57%]
test/face/wind/arti/test_arti_file.py::test_arti_save_json_actual[face.wind.rule: Saving an artifact from 'Circlet of Logos' area actually as a JSON file] PASSED [ 57%]
test/face/wind/arti/test_arti_file.py::test_arti_load_yaml_actual[face.wind.rule: Loading an artifact from 'Flower of Life' area actually as a YAML file] PASSED [ 57%]
test/face/wind/arti/test_arti_file.py::test_arti_load_yaml_actual[face.wind.rule: Loading an artifact from 'Plume of Death' area actually as a YAML file] PASSED [ 57%]
test/face/wind/arti/test_arti_file.py::test_arti_load_yaml_actual[face.wind.rule: Loading an artifact from 'Sands of Eon' area actually as a YAML file] PASSED [ 57%]
test/face/wind/arti/test_arti_file.py::test_arti_load_yaml_actual[face.wind.rule: Loading an artifact from 'Goblet of Eonothem' area actually as a YAML file] PASSED [ 57%]
test/face/wind/arti/test_arti_file.py::test_arti_load_yaml_actual[face.wind.rule: Loading an artifact from 'Circlet of Logos' area actually as a YAML file] PASSED [ 57%]
test/face/wind/arti/test_arti_file.py::test_arti_load_json_actual[face.wind.rule: Loading an artifact from 'Flower of Life' area actually as a JSON file] PASSED [ 57%]
test/face/wind/arti/test_arti_file.py::test_arti_load_json_actual[face.wind.rule: Loading an artifact from 'Plume of Death' area actually as a JSON file] PASSED [ 57%]
test/face/wind/arti/test_arti_file.py::test_arti_load_json_actual[face.wind.rule: Loading an artifact from 'Sands of Eon' area actually as a JSON file] PASSED [ 57%]
test/face/wind/arti/test_arti_file.py::test_arti_load_json_actual[face.wind.rule: Loading an artifact from 'Goblet of Eonothem' area actually as a JSON file] PASSED [ 57%]
test/face/wind/arti/test_arti_file.py::test_arti_load_json_actual[face.wind.rule: Loading an artifact from 'Circlet of Logos' area actually as a JSON file] PASSED [ 57%]
test/face/wind/char/test_char.py::test_char_drop[face.wind.rule: Configuring character - Aether] PASSED [ 57%]
test/face/wind/char/test_char.py::test_char_drop[face.wind.rule: Configuring character - Albedo] PASSED [ 58%]
test/face/wind/char/test_char.py::test_char_drop[face.wind.rule: Configuring character - Alhaitham] PASSED [ 58%]
test/face/wind/char/test_char.py::test_char_drop[face.wind.rule: Configuring character - Aloy] PASSED [ 58%]
test/face/wind/char/test_char.py::test_char_drop[face.wind.rule: Configuring character - Amber] PASSED [ 58%]
test/face/wind/char/test_char.py::test_char_drop[face.wind.rule: Configuring character - Arataki Itto] PASSED [ 58%]
test/face/wind/char/test_char.py::test_char_drop[face.wind.rule: Configuring character - Arlecchino] PASSED [ 58%]
test/face/wind/char/test_char.py::test_char_drop[face.wind.rule: Configuring character - Baizhu] PASSED [ 58%]
test/face/wind/char/test_char.py::test_char_drop[face.wind.rule: Configuring character - Barbara] PASSED [ 58%]
test/face/wind/char/test_char.py::test_char_drop[face.wind.rule: Configuring character - Beidou] PASSED [ 58%]
test/face/wind/char/test_char.py::test_char_drop[face.wind.rule: Configuring character - Bennett] PASSED [ 58%]
test/face/wind/char/test_char.py::test_char_drop[face.wind.rule: Configuring character - Candace] PASSED [ 58%]
test/face/wind/char/test_char.py::test_char_drop[face.wind.rule: Configuring character - Charlotte] PASSED [ 58%]
test/face/wind/char/test_char.py::test_char_drop[face.wind.rule: Configuring character - Chasca] PASSED [ 58%]
test/face/wind/char/test_char.py::test_char_drop[face.wind.rule: Configuring character - Chevreuse] PASSED [ 58%]
test/face/wind/char/test_char.py::test_char_drop[face.wind.rule: Configuring character - Chiori] PASSED [ 59%]
test/face/wind/char/test_char.py::test_char_drop[face.wind.rule: Configuring character - Chongyun] PASSED [ 59%]
test/face/wind/char/test_char.py::test_char_drop[face.wind.rule: Configuring character - Clorinde] PASSED [ 59%]
test/face/wind/char/test_char.py::test_char_drop[face.wind.rule: Configuring character - Collei] PASSED [ 59%]
test/face/wind/char/test_char.py::test_char_drop[face.wind.rule: Configuring character - Cyno] PASSED [ 59%]
test/face/wind/char/test_char.py::test_char_drop[face.wind.rule: Configuring character - Dehya] PASSED [ 59%]
test/face/wind/char/test_char.py::test_char_drop[face.wind.rule: Configuring character - Diluc] PASSED [ 59%]
test/face/wind/char/test_char.py::test_char_drop[face.wind.rule: Configuring character - Diona] PASSED [ 59%]
test/face/wind/char/test_char.py::test_char_drop[face.wind.rule: Configuring character - Dori] PASSED [ 59%]
test/face/wind/char/test_char.py::test_char_drop[face.wind.rule: Configuring character - Emilie] PASSED [ 59%]
test/face/wind/char/test_char.py::test_char_drop[face.wind.rule: Configuring character - Eula] PASSED [ 59%]
test/face/wind/char/test_char.py::test_char_drop[face.wind.rule: Configuring character - Faruzan] PASSED [ 59%]
test/face/wind/char/test_char.py::test_char_drop[face.wind.rule: Configuring character - Fischl] PASSED [ 59%]
test/face/wind/char/test_char.py::test_char_drop[face.wind.rule: Configuring character - Freminet] PASSED [ 60%]
test/face/wind/char/test_char.py::test_char_drop[face.wind.rule: Configuring character - Furina] PASSED [ 60%]
test/face/wind/char/test_char.py::test_char_drop[face.wind.rule: Configuring character - Gaming] PASSED [ 60%]
test/face/wind/char/test_char.py::test_char_drop[face.wind.rule: Configuring character - Ganyu] PASSED [ 60%]
test/face/wind/char/test_char.py::test_char_drop[face.wind.rule: Configuring character - Gorou] PASSED [ 60%]
test/face/wind/char/test_char.py::test_char_drop[face.wind.rule: Configuring character - Hu Tao] PASSED [ 60%]
test/face/wind/char/test_char.py::test_char_drop[face.wind.rule: Configuring character - Jean] PASSED [ 60%]
test/face/wind/char/test_char.py::test_char_drop[face.wind.rule: Configuring character - Kachina] PASSED [ 60%]
test/face/wind/char/test_char.py::test_char_drop[face.wind.rule: Configuring character - Kaedehara Kazuha] PASSED [ 60%]
test/face/wind/char/test_char.py::test_char_drop[face.wind.rule: Configuring character - Kamisato Ayaka] PASSED [ 60%]
test/face/wind/char/test_char.py::test_char_drop[face.wind.rule: Configuring character - Kamisato Ayato] PASSED [ 60%]
test/face/wind/char/test_char.py::test_char_drop[face.wind.rule: Configuring character - Kaeya] PASSED [ 60%]
test/face/wind/char/test_char.py::test_char_drop[face.wind.rule: Configuring character - Kaveh] PASSED [ 60%]
test/face/wind/char/test_char.py::test_char_drop[face.wind.rule: Configuring character - Keqing] PASSED [ 60%]
test/face/wind/char/test_char.py::test_char_drop[face.wind.rule: Configuring character - Kinich] PASSED [ 61%]
test/face/wind/char/test_char.py::test_char_drop[face.wind.rule: Configuring character - Kirara] PASSED [ 61%]
test/face/wind/char/test_char.py::test_char_drop[face.wind.rule: Configuring character - Klee] PASSED [ 61%]
test/face/wind/char/test_char.py::test_char_drop[face.wind.rule: Configuring character - Kujou Sara] PASSED [ 61%]
test/face/wind/char/test_char.py::test_char_drop[face.wind.rule: Configuring character - Kuki Shinobu] PASSED [ 61%]
test/face/wind/char/test_char.py::test_char_drop[face.wind.rule: Configuring character - Layla] PASSED [ 61%]
test/face/wind/char/test_char.py::test_char_drop[face.wind.rule: Configuring character - Lisa] PASSED [ 61%]
test/face/wind/char/test_char.py::test_char_drop[face.wind.rule: Configuring character - Lumine] PASSED [ 61%]
test/face/wind/char/test_char.py::test_char_drop[face.wind.rule: Configuring character - Lynette] PASSED [ 61%]
test/face/wind/char/test_char.py::test_char_drop[face.wind.rule: Configuring character - Lyney] PASSED [ 61%]
test/face/wind/char/test_char.py::test_char_drop[face.wind.rule: Configuring character - Mika] PASSED [ 61%]
test/face/wind/char/test_char.py::test_char_drop[face.wind.rule: Configuring character - Mona] PASSED [ 61%]
test/face/wind/char/test_char.py::test_char_drop[face.wind.rule: Configuring character - Mualani] PASSED [ 61%]
test/face/wind/char/test_char.py::test_char_drop[face.wind.rule: Configuring character - Nahida] PASSED [ 62%]
test/face/wind/char/test_char.py::test_char_drop[face.wind.rule: Configuring character - Navia] PASSED [ 62%]
test/face/wind/char/test_char.py::test_char_drop[face.wind.rule: Configuring character - Neuvillette] PASSED [ 62%]
test/face/wind/char/test_char.py::test_char_drop[face.wind.rule: Configuring character - Nilou] PASSED [ 62%]
test/face/wind/char/test_char.py::test_char_drop[face.wind.rule: Configuring character - Ningguang] PASSED [ 62%]
test/face/wind/char/test_char.py::test_char_drop[face.wind.rule: Configuring character - Noelle] PASSED [ 62%]
test/face/wind/char/test_char.py::test_char_drop[face.wind.rule: Configuring character - Ororon] PASSED [ 62%]
test/face/wind/char/test_char.py::test_char_drop[face.wind.rule: Configuring character - Qiqi] PASSED [ 62%]
test/face/wind/char/test_char.py::test_char_drop[face.wind.rule: Configuring character - Raiden Shogun] PASSED [ 62%]
test/face/wind/char/test_char.py::test_char_drop[face.wind.rule: Configuring character - Razor] PASSED [ 62%]
test/face/wind/char/test_char.py::test_char_drop[face.wind.rule: Configuring character - Rosaria] PASSED [ 62%]
test/face/wind/char/test_char.py::test_char_drop[face.wind.rule: Configuring character - Sangonomiya Kokomi] PASSED [ 62%]
test/face/wind/char/test_char.py::test_char_drop[face.wind.rule: Configuring character - Sayu] PASSED [ 62%]
test/face/wind/char/test_char.py::test_char_drop[face.wind.rule: Configuring character - Sethos] PASSED [ 63%]
test/face/wind/char/test_char.py::test_char_drop[face.wind.rule: Configuring character - Shenhe] PASSED [ 63%]
test/face/wind/char/test_char.py::test_char_drop[face.wind.rule: Configuring character - Shikanoin Heizou] PASSED [ 63%]
test/face/wind/char/test_char.py::test_char_drop[face.wind.rule: Configuring character - Sigewinne] PASSED [ 63%]
test/face/wind/char/test_char.py::test_char_drop[face.wind.rule: Configuring character - Sucrose] PASSED [ 63%]
test/face/wind/char/test_char.py::test_char_drop[face.wind.rule: Configuring character - Tartaglia] PASSED [ 63%]
test/face/wind/char/test_char.py::test_char_drop[face.wind.rule: Configuring character - Thoma] PASSED [ 63%]
test/face/wind/char/test_char.py::test_char_drop[face.wind.rule: Configuring character - Tighnari] PASSED [ 63%]
test/face/wind/char/test_char.py::test_char_drop[face.wind.rule: Configuring character - Venti] PASSED [ 63%]
test/face/wind/char/test_char.py::test_char_drop[face.wind.rule: Configuring character - Wanderer] PASSED [ 63%]
test/face/wind/char/test_char.py::test_char_drop[face.wind.rule: Configuring character - Wriothesley] PASSED [ 63%]
test/face/wind/char/test_char.py::test_char_drop[face.wind.rule: Configuring character - Xiangling] PASSED [ 63%]
test/face/wind/char/test_char.py::test_char_drop[face.wind.rule: Configuring character - Xianyun] PASSED [ 63%]
test/face/wind/char/test_char.py::test_char_drop[face.wind.rule: Configuring character - Xiao] PASSED [ 63%]
test/face/wind/char/test_char.py::test_char_drop[face.wind.rule: Configuring character - Xilonen] PASSED [ 64%]
test/face/wind/char/test_char.py::test_char_drop[face.wind.rule: Configuring character - Xingqiu] PASSED [ 64%]
test/face/wind/char/test_char.py::test_char_drop[face.wind.rule: Configuring character - Xinyan] PASSED [ 64%]
test/face/wind/char/test_char.py::test_char_drop[face.wind.rule: Configuring character - Yae Miko] PASSED [ 64%]
test/face/wind/char/test_char.py::test_char_drop[face.wind.rule: Configuring character - Yanfei] PASSED [ 64%]
test/face/wind/char/test_char.py::test_char_drop[face.wind.rule: Configuring character - Yaoyao] PASSED [ 64%]
test/face/wind/char/test_char.py::test_char_drop[face.wind.rule: Configuring character - Yelan] PASSED [ 64%]
test/face/wind/char/test_char.py::test_char_drop[face.wind.rule: Configuring character - Yoimiya] PASSED [ 64%]
test/face/wind/char/test_char.py::test_char_drop[face.wind.rule: Configuring character - Yun Jin] PASSED [ 64%]
test/face/wind/char/test_char.py::test_char_drop[face.wind.rule: Configuring character - Zhongli] PASSED [ 64%]
test/face/wind/char/test_char.py::test_char_butn[face.wind.rule: Configuring character - Lumine] PASSED [ 64%]
test/face/wind/char/test_char.py::test_char_butn[face.wind.rule: Configuring character - Aether] PASSED [ 64%]
test/face/wind/team/test_team.py::test_team_wipe[face.wind.rule: Wiping the artifact collection] PASSED [ 64%]
test/face/wind/team/test_team_file.py::test_team_save_none[face.wind.rule: Saving a 'None' artifact collection] PASSED [ 65%]
test/face/wind/team/test_team_file.py::test_team_save_name[face.wind.rule: Saving an artifact collection] PASSED [ 65%]
test/face/wind/team/test_team_file.py::test_team_save_fail[face.wind.rule: Failing to save the artifact collection] PASSED [ 65%]
test/face/wind/team/test_team_file.py::test_team_load_yaml[face.wind.rule: Loading the artifact collection from YAML data] PASSED [ 65%]
test/face/wind/team/test_team_file.py::test_team_load_json[face.wind.rule: Loading the artifact collection from JSON data] PASSED [ 65%]
test/face/wind/team/test_team_file.py::test_team_load_nope[face.wind.rule: Cancelling loading the artifact collection] PASSED [ 65%]
test/face/wind/team/test_team_file.py::test_team_load_void[face.wind.rule: Loading the artifact collection from an empty file] PASSED [ 65%]
test/face/wind/team/test_team_file.py::test_team_load_awry[face.wind.rule: Loading the artifact collection with incorrect areas from YAML data] PASSED [ 65%]
test/face/wind/team/test_team_file.py::test_team_load_awry[face.wind.rule: Loading the artifact collection with incorrect areas from JSON data] PASSED [ 65%]
test/face/wind/team/test_team_file.py::test_team_load_name[face.wind.rule: Loading an artifact with incorrect substats from YAML data] PASSED [ 65%]
test/face/wind/team/test_team_file.py::test_team_load_name[face.wind.rule: Loading an artifact with incorrect substats from JSON data] PASSED [ 65%]
test/face/wind/team/test_team_file.py::test_team_save_yaml_actual[face.wind.rule: Saving an artifact collection as a YAML file] PASSED [ 65%]
test/face/wind/team/test_team_file.py::test_team_save_json_actual[face.wind.rule: Saving an artifact collection as a JSON file] PASSED [ 65%]
test/face/wind/team/test_team_file.py::test_team_load_yaml_actual[face.wind.rule: Loading the actual artifact collection from YAML data] PASSED [ 65%]
test/face/wind/team/test_team_file.py::test_team_load_json_actual[face.wind.rule: Loading the actual artifact collection from JSON data] PASSED [ 66%]
test/face/wind/test_main.py::test_wind_main_buttons[face.info: Clicking the home button] PASSED [ 66%]
test/face/wind/test_main.py::test_wind_main_buttons[face.info: Clicking the report button] PASSED [ 66%]
test/face/wind/test_main.py::test_wind_main_buttons[face.info: Clicking the donate button] PASSED [ 66%]
test/face/wind/test_main.py::test_wind_main_fail[face.wind: Initialise the training data for Tesseract OCR] PASSED [ 66%]
test/face/wind/test_main.py::test_wind_main_fail_continue[face.wind: Remove the already existing training data for Tesseract OCR] PASSED [ 66%]
test/face/wind/test_main.py::test_wind_del[face.wind: Manually invoke __del__] PASSED [ 66%]
test/face/wind/weap/kind/test_bow.py::test_bow[face.wind.rule: Configuring weapon - Bow - Hunter's Bow] PASSED [ 66%]
test/face/wind/weap/kind/test_bow.py::test_bow[face.wind.rule: Configuring weapon - Bow - Seasoned Hunter's Bow] PASSED [ 66%]
test/face/wind/weap/kind/test_bow.py::test_bow[face.wind.rule: Configuring weapon - Bow - Recurve Bow] PASSED [ 66%]
test/face/wind/weap/kind/test_bow.py::test_bow[face.wind.rule: Configuring weapon - Bow - Slingshot] PASSED [ 66%]
test/face/wind/weap/kind/test_bow.py::test_bow[face.wind.rule: Configuring weapon - Bow - Compound Bow] PASSED [ 66%]
test/face/wind/weap/kind/test_bow.py::test_bow[face.wind.rule: Configuring weapon - Bow - Favonius Warbow] PASSED [ 66%]
test/face/wind/weap/kind/test_bow.py::test_bow[face.wind.rule: Configuring weapon - Bow - Hamayumi] PASSED [ 67%]
test/face/wind/weap/kind/test_bow.py::test_bow[face.wind.rule: Configuring weapon - Bow - King's Squire] PASSED [ 67%]
test/face/wind/weap/kind/test_bow.py::test_bow[face.wind.rule: Configuring weapon - Bow - Aqua Simulacra] PASSED [ 67%]
test/face/wind/weap/kind/test_bow.py::test_bow[face.wind.rule: Configuring weapon - Bow - Hunter's Path] PASSED [ 67%]
test/face/wind/weap/kind/test_bow.py::test_bow[face.wind.rule: Configuring weapon - Bow - Silvershower Heartstrings] PASSED [ 67%]
test/face/wind/weap/kind/test_bow.py::test_bow[face.wind.rule: Configuring weapon - Bow - Sharpshooter's Oath] PASSED [ 67%]
test/face/wind/weap/kind/test_bow.py::test_bow[face.wind.rule: Configuring weapon - Bow - Cloudforged] PASSED [ 67%]
test/face/wind/weap/kind/test_bow.py::test_bow[face.wind.rule: Configuring weapon - Bow - End of the Line] PASSED [ 67%]
test/face/wind/weap/kind/test_bow.py::test_bow[face.wind.rule: Configuring weapon - Bow - Flower-Wreathed Feathers] PASSED [ 67%]
test/face/wind/weap/kind/test_bow.py::test_bow[face.wind.rule: Configuring weapon - Bow - Mitternachts Waltz] PASSED [ 67%]
test/face/wind/weap/kind/test_bow.py::test_bow[face.wind.rule: Configuring weapon - Bow - Predator] PASSED [ 67%]
test/face/wind/weap/kind/test_bow.py::test_bow[face.wind.rule: Configuring weapon - Bow - Prototype Crescent] PASSED [ 67%]
test/face/wind/weap/kind/test_bow.py::test_bow[face.wind.rule: Configuring weapon - Bow - Royal Bow] PASSED [ 67%]
test/face/wind/weap/kind/test_bow.py::test_bow[face.wind.rule: Configuring weapon - Bow - Rust] PASSED [ 68%]
test/face/wind/weap/kind/test_bow.py::test_bow[face.wind.rule: Configuring weapon - Bow - Song of Stillness] PASSED [ 68%]
test/face/wind/weap/kind/test_bow.py::test_bow[face.wind.rule: Configuring weapon - Bow - The Stringless] PASSED [ 68%]
test/face/wind/weap/kind/test_bow.py::test_bow[face.wind.rule: Configuring weapon - Bow - The Viridescent Hunt] PASSED [ 68%]
test/face/wind/weap/kind/test_bow.py::test_bow[face.wind.rule: Configuring weapon - Bow - Windblume Ode] PASSED [ 68%]
test/face/wind/weap/kind/test_bow.py::test_bow[face.wind.rule: Configuring weapon - Bow - Amos' Bow] PASSED [ 68%]
test/face/wind/weap/kind/test_bow.py::test_bow[face.wind.rule: Configuring weapon - Bow - Astral Vulture's Crimson Plumage] PASSED [ 68%]
test/face/wind/weap/kind/test_bow.py::test_bow[face.wind.rule: Configuring weapon - Bow - Elegy for the End] PASSED [ 68%]
test/face/wind/weap/kind/test_bow.py::test_bow[face.wind.rule: Configuring weapon - Bow - Polar Star] PASSED [ 68%]
test/face/wind/weap/kind/test_bow.py::test_bow[face.wind.rule: Configuring weapon - Bow - The First Great Magic] PASSED [ 68%]
test/face/wind/weap/kind/test_bow.py::test_bow[face.wind.rule: Configuring weapon - Bow - Thundering Pulse] PASSED [ 68%]
test/face/wind/weap/kind/test_bow.py::test_bow[face.wind.rule: Configuring weapon - Bow - Alley Hunter] PASSED [ 68%]
test/face/wind/weap/kind/test_bow.py::test_bow[face.wind.rule: Configuring weapon - Bow - Blackcliff Warbow] PASSED [ 68%]
test/face/wind/weap/kind/test_bow.py::test_bow[face.wind.rule: Configuring weapon - Bow - Chain Breaker] PASSED [ 68%]
test/face/wind/weap/kind/test_bow.py::test_bow[face.wind.rule: Configuring weapon - Bow - Fading Twilight] PASSED [ 69%]
test/face/wind/weap/kind/test_bow.py::test_bow[face.wind.rule: Configuring weapon - Bow - Ibis Piercer] PASSED [ 69%]
test/face/wind/weap/kind/test_bow.py::test_bow[face.wind.rule: Configuring weapon - Bow - Mouun's Moon] PASSED [ 69%]
test/face/wind/weap/kind/test_bow.py::test_bow[face.wind.rule: Configuring weapon - Bow - Range Gauge] PASSED [ 69%]
test/face/wind/weap/kind/test_bow.py::test_bow[face.wind.rule: Configuring weapon - Bow - Sacrificial Bow] PASSED [ 69%]
test/face/wind/weap/kind/test_bow.py::test_bow[face.wind.rule: Configuring weapon - Bow - Scion of the Blazing Sun] PASSED [ 69%]
test/face/wind/weap/kind/test_bow.py::test_bow[face.wind.rule: Configuring weapon - Bow - Skyward Harp] PASSED [ 69%]
test/face/wind/weap/kind/test_catalyst.py::test_catalyst[face.wind.rule: Configuring weapon - Catalyst - Magic Guide] PASSED [ 69%]
test/face/wind/weap/kind/test_catalyst.py::test_catalyst[face.wind.rule: Configuring weapon - Catalyst - Dodoco Tales] PASSED [ 69%]
test/face/wind/weap/kind/test_catalyst.py::test_catalyst[face.wind.rule: Configuring weapon - Catalyst - Eye of Perception] PASSED [ 69%]
test/face/wind/weap/kind/test_catalyst.py::test_catalyst[face.wind.rule: Configuring weapon - Catalyst - Sacrificial Fragments] PASSED [ 69%]
test/face/wind/weap/kind/test_catalyst.py::test_catalyst[face.wind.rule: Configuring weapon - Catalyst - Sacrificial Jade] PASSED [ 69%]
test/face/wind/weap/kind/test_catalyst.py::test_catalyst[face.wind.rule: Configuring weapon - Catalyst - Waveriding Whirl] PASSED [ 69%]
test/face/wind/weap/kind/test_catalyst.py::test_catalyst[face.wind.rule: Configuring weapon - Catalyst - A Thousand Floating Dreams] PASSED [ 70%]
test/face/wind/weap/kind/test_catalyst.py::test_catalyst[face.wind.rule: Configuring weapon - Catalyst - Surf's Up] PASSED [ 70%]
test/face/wind/weap/kind/test_catalyst.py::test_catalyst[face.wind.rule: Configuring weapon - Catalyst - Tome of the Eternal Flow] PASSED [ 70%]
test/face/wind/weap/kind/test_catalyst.py::test_catalyst[face.wind.rule: Configuring weapon - Catalyst - Apprentice's Notes] PASSED [ 70%]
test/face/wind/weap/kind/test_catalyst.py::test_catalyst[face.wind.rule: Configuring weapon - Catalyst - Pocket Grimoire] PASSED [ 70%]
test/face/wind/weap/kind/test_catalyst.py::test_catalyst[face.wind.rule: Configuring weapon - Catalyst - Otherworldly Story] PASSED [ 70%]
test/face/wind/weap/kind/test_catalyst.py::test_catalyst[face.wind.rule: Configuring weapon - Catalyst - Thrilling Tales of Dragon Slayers] PASSED [ 70%]
test/face/wind/weap/kind/test_catalyst.py::test_catalyst[face.wind.rule: Configuring weapon - Catalyst - Ash-Graven Drinking Horn] PASSED [ 70%]
test/face/wind/weap/kind/test_catalyst.py::test_catalyst[face.wind.rule: Configuring weapon - Catalyst - Blackcliff Agate] PASSED [ 70%]
test/face/wind/weap/kind/test_catalyst.py::test_catalyst[face.wind.rule: Configuring weapon - Catalyst - Favonius Codex] PASSED [ 70%]
test/face/wind/weap/kind/test_catalyst.py::test_catalyst[face.wind.rule: Configuring weapon - Catalyst - Frostbearer] PASSED [ 70%]
test/face/wind/weap/kind/test_catalyst.py::test_catalyst[face.wind.rule: Configuring weapon - Catalyst - Fruit of Fulfillment] PASSED [ 70%]
test/face/wind/weap/kind/test_catalyst.py::test_catalyst[face.wind.rule: Configuring weapon - Catalyst - Prototype Amber] PASSED [ 70%]
test/face/wind/weap/kind/test_catalyst.py::test_catalyst[face.wind.rule: Configuring weapon - Catalyst - Ring of Yaxche] PASSED [ 70%]
test/face/wind/weap/kind/test_catalyst.py::test_catalyst[face.wind.rule: Configuring weapon - Catalyst - Solar Pearl] PASSED [ 71%]
test/face/wind/weap/kind/test_catalyst.py::test_catalyst[face.wind.rule: Configuring weapon - Catalyst - The Widsith] PASSED [ 71%]
test/face/wind/weap/kind/test_catalyst.py::test_catalyst[face.wind.rule: Configuring weapon - Catalyst - Wandering Evenstar] PASSED [ 71%]
test/face/wind/weap/kind/test_catalyst.py::test_catalyst[face.wind.rule: Configuring weapon - Catalyst - Everlasting Moonglow] PASSED [ 71%]
test/face/wind/weap/kind/test_catalyst.py::test_catalyst[face.wind.rule: Configuring weapon - Catalyst - Jadefall's Splendor] PASSED [ 71%]
test/face/wind/weap/kind/test_catalyst.py::test_catalyst[face.wind.rule: Configuring weapon - Catalyst - Kagura's Verity] PASSED [ 71%]
test/face/wind/weap/kind/test_catalyst.py::test_catalyst[face.wind.rule: Configuring weapon - Catalyst - Lost Prayer to the Sacred Winds] PASSED [ 71%]
test/face/wind/weap/kind/test_catalyst.py::test_catalyst[face.wind.rule: Configuring weapon - Catalyst - Memory of Dust] PASSED [ 71%]
test/face/wind/weap/kind/test_catalyst.py::test_catalyst[face.wind.rule: Configuring weapon - Catalyst - Emerald Orb] PASSED [ 71%]
test/face/wind/weap/kind/test_catalyst.py::test_catalyst[face.wind.rule: Configuring weapon - Catalyst - Twin Nephrite] PASSED [ 71%]
test/face/wind/weap/kind/test_catalyst.py::test_catalyst[face.wind.rule: Configuring weapon - Catalyst - Ballad of the Boundless Blue] PASSED [ 71%]
test/face/wind/weap/kind/test_catalyst.py::test_catalyst[face.wind.rule: Configuring weapon - Catalyst - Flowing Purity] PASSED [ 71%]
test/face/wind/weap/kind/test_catalyst.py::test_catalyst[face.wind.rule: Configuring weapon - Catalyst - Hakushin Ring] PASSED [ 71%]
test/face/wind/weap/kind/test_catalyst.py::test_catalyst[face.wind.rule: Configuring weapon - Catalyst - Mappa Mare] PASSED [ 72%]
test/face/wind/weap/kind/test_catalyst.py::test_catalyst[face.wind.rule: Configuring weapon - Catalyst - Oathsworn Eye] PASSED [ 72%]
test/face/wind/weap/kind/test_catalyst.py::test_catalyst[face.wind.rule: Configuring weapon - Catalyst - Royal Grimoire] PASSED [ 72%]
test/face/wind/weap/kind/test_catalyst.py::test_catalyst[face.wind.rule: Configuring weapon - Catalyst - Wine and Song] PASSED [ 72%]
test/face/wind/weap/kind/test_catalyst.py::test_catalyst[face.wind.rule: Configuring weapon - Catalyst - Cashflow Supervision] PASSED [ 72%]
test/face/wind/weap/kind/test_catalyst.py::test_catalyst[face.wind.rule: Configuring weapon - Catalyst - Skyward Atlas] PASSED [ 72%]
test/face/wind/weap/kind/test_catalyst.py::test_catalyst[face.wind.rule: Configuring weapon - Catalyst - Tulaytullah's Remembrance] PASSED [ 72%]
test/face/wind/weap/kind/test_catalyst.py::test_catalyst[face.wind.rule: Configuring weapon - Catalyst - Crane's Echoing Call] PASSED [ 72%]
test/face/wind/weap/kind/test_claymore.py::test_claymore[face.wind.rule: Configuring weapon - Claymore - Bloodtainted Greatsword] PASSED [ 72%]
test/face/wind/weap/kind/test_claymore.py::test_claymore[face.wind.rule: Configuring weapon - Claymore - Portable Power Saw] PASSED [ 72%]
test/face/wind/weap/kind/test_claymore.py::test_claymore[face.wind.rule: Configuring weapon - Claymore - Luxurious Sea-Lord] PASSED [ 72%]
test/face/wind/weap/kind/test_claymore.py::test_claymore[face.wind.rule: Configuring weapon - Claymore - Favonius Greatsword] PASSED [ 72%]
test/face/wind/weap/kind/test_claymore.py::test_claymore[face.wind.rule: Configuring weapon - Claymore - Redhorn Stonethresher] PASSED [ 72%]
test/face/wind/weap/kind/test_claymore.py::test_claymore[face.wind.rule: Configuring weapon - Claymore - Waster Greatsword] PASSED [ 73%]
test/face/wind/weap/kind/test_claymore.py::test_claymore[face.wind.rule: Configuring weapon - Claymore - Old Merc's Pal] PASSED [ 73%]
test/face/wind/weap/kind/test_claymore.py::test_claymore[face.wind.rule: Configuring weapon - Claymore - White Iron Greatsword] PASSED [ 73%]
test/face/wind/weap/kind/test_claymore.py::test_claymore[face.wind.rule: Configuring weapon - Claymore - Skyrider Greatsword] PASSED [ 73%]
test/face/wind/weap/kind/test_claymore.py::test_claymore[face.wind.rule: Configuring weapon - Claymore - Ferrous Shadow] PASSED [ 73%]
test/face/wind/weap/kind/test_claymore.py::test_claymore[face.wind.rule: Configuring weapon - Claymore - Debate Club] PASSED [ 73%]
test/face/wind/weap/kind/test_claymore.py::test_claymore[face.wind.rule: Configuring weapon - Claymore - Serpent Spine] PASSED [ 73%]
test/face/wind/weap/kind/test_claymore.py::test_claymore[face.wind.rule: Configuring weapon - Claymore - Whiteblind] PASSED [ 73%]
test/face/wind/weap/kind/test_claymore.py::test_claymore[face.wind.rule: Configuring weapon - Claymore - Tidal Shadow] PASSED [ 73%]
test/face/wind/weap/kind/test_claymore.py::test_claymore[face.wind.rule: Configuring weapon - Claymore - The Bell] PASSED [ 73%]
test/face/wind/weap/kind/test_claymore.py::test_claymore[face.wind.rule: Configuring weapon - Claymore - Rainslasher] PASSED [ 73%]
test/face/wind/weap/kind/test_claymore.py::test_claymore[face.wind.rule: Configuring weapon - Claymore - Makhaira Aquamarine] PASSED [ 73%]
test/face/wind/weap/kind/test_claymore.py::test_claymore[face.wind.rule: Configuring weapon - Claymore - Lithic Blade] PASSED [ 73%]
test/face/wind/weap/kind/test_claymore.py::test_claymore[face.wind.rule: Configuring weapon - Claymore - Katsuragikiri Nagamasa] PASSED [ 73%]
test/face/wind/weap/kind/test_claymore.py::test_claymore[face.wind.rule: Configuring weapon - Claymore - Blackcliff Slasher] PASSED [ 74%]
test/face/wind/weap/kind/test_claymore.py::test_claymore[face.wind.rule: Configuring weapon - Claymore - Akuoumaru] PASSED [ 74%]
test/face/wind/weap/kind/test_claymore.py::test_claymore[face.wind.rule: Configuring weapon - Claymore - Beacon of the Reed Sea] PASSED [ 74%]
test/face/wind/weap/kind/test_claymore.py::test_claymore[face.wind.rule: Configuring weapon - Claymore - Wolf's Gravestone] PASSED [ 74%]
test/face/wind/weap/kind/test_claymore.py::test_claymore[face.wind.rule: Configuring weapon - Claymore - The Unforged] PASSED [ 74%]
test/face/wind/weap/kind/test_claymore.py::test_claymore[face.wind.rule: Configuring weapon - Claymore - Talking Stick] PASSED [ 74%]
test/face/wind/weap/kind/test_claymore.py::test_claymore[face.wind.rule: Configuring weapon - Claymore - Snow-Tombed Starsilver] PASSED [ 74%]
test/face/wind/weap/kind/test_claymore.py::test_claymore[face.wind.rule: Configuring weapon - Claymore - Royal Greatsword] PASSED [ 74%]
test/face/wind/weap/kind/test_claymore.py::test_claymore[face.wind.rule: Configuring weapon - Claymore - Prototype Archaic] PASSED [ 74%]
test/face/wind/weap/kind/test_claymore.py::test_claymore[face.wind.rule: Configuring weapon - Claymore - Sacrificial Greatsword] PASSED [ 74%]
test/face/wind/weap/kind/test_claymore.py::test_claymore[face.wind.rule: Configuring weapon - Claymore - Mailed Flower] PASSED [ 74%]
test/face/wind/weap/kind/test_claymore.py::test_claymore[face.wind.rule: Configuring weapon - Claymore - Forest Regalia] PASSED [ 74%]
test/face/wind/weap/kind/test_claymore.py::test_claymore[face.wind.rule: Configuring weapon - Claymore - Earth Shaker] PASSED [ 74%]
test/face/wind/weap/kind/test_claymore.py::test_claymore[face.wind.rule: Configuring weapon - Claymore - "Ultimate Overlord's Mega Magic Sword"] PASSED [ 75%]
test/face/wind/weap/kind/test_claymore.py::test_claymore[face.wind.rule: Configuring weapon - Claymore - Skyward Pride] PASSED [ 75%]
test/face/wind/weap/kind/test_claymore.py::test_claymore[face.wind.rule: Configuring weapon - Claymore - Verdict] PASSED [ 75%]
test/face/wind/weap/kind/test_claymore.py::test_claymore[face.wind.rule: Configuring weapon - Claymore - Fang of the Mountain King] PASSED [ 75%]
test/face/wind/weap/kind/test_claymore.py::test_claymore[face.wind.rule: Configuring weapon - Claymore - Song of Broken Pines] PASSED [ 75%]
test/face/wind/weap/kind/test_polearm.py::test_polearm[face.wind.rule: Configuring weapon - Polearm - Beginner's Protector] PASSED [ 75%]
test/face/wind/weap/kind/test_polearm.py::test_polearm[face.wind.rule: Configuring weapon - Polearm - Iron Point] PASSED [ 75%]
test/face/wind/weap/kind/test_polearm.py::test_polearm[face.wind.rule: Configuring weapon - Polearm - Black Tassel] PASSED [ 75%]
test/face/wind/weap/kind/test_polearm.py::test_polearm[face.wind.rule: Configuring weapon - Polearm - Deathmatch] PASSED [ 75%]
test/face/wind/weap/kind/test_polearm.py::test_polearm[face.wind.rule: Configuring weapon - Polearm - Dragon's Bane] PASSED [ 75%]
test/face/wind/weap/kind/test_polearm.py::test_polearm[face.wind.rule: Configuring weapon - Polearm - Dragonspine Spear] PASSED [ 75%]
test/face/wind/weap/kind/test_polearm.py::test_polearm[face.wind.rule: Configuring weapon - Polearm - Staff of the Scarlet Sands] PASSED [ 75%]
test/face/wind/weap/kind/test_polearm.py::test_polearm[face.wind.rule: Configuring weapon - Polearm - White Tassel] PASSED [ 75%]
test/face/wind/weap/kind/test_polearm.py::test_polearm[face.wind.rule: Configuring weapon - Polearm - "The Catch"] PASSED [ 75%]
test/face/wind/weap/kind/test_polearm.py::test_polearm[face.wind.rule: Configuring weapon - Polearm - Ballad of the Fjords] PASSED [ 76%]
test/face/wind/weap/kind/test_polearm.py::test_polearm[face.wind.rule: Configuring weapon - Polearm - Blackcliff Pole] PASSED [ 76%]
test/face/wind/weap/kind/test_polearm.py::test_polearm[face.wind.rule: Configuring weapon - Polearm - Dialogues of the Desert Sages] PASSED [ 76%]
test/face/wind/weap/kind/test_polearm.py::test_polearm[face.wind.rule: Configuring weapon - Polearm - Footprint of the Rainbow] PASSED [ 76%]
test/face/wind/weap/kind/test_polearm.py::test_polearm[face.wind.rule: Configuring weapon - Polearm - Missive Windspear] PASSED [ 76%]
test/face/wind/weap/kind/test_polearm.py::test_polearm[face.wind.rule: Configuring weapon - Polearm - Prototype Starglitter] PASSED [ 76%]
test/face/wind/weap/kind/test_polearm.py::test_polearm[face.wind.rule: Configuring weapon - Polearm - Engulfing Lightning] PASSED [ 76%]
test/face/wind/weap/kind/test_polearm.py::test_polearm[face.wind.rule: Configuring weapon - Polearm - Lumidouce Elegy] PASSED [ 76%]
test/face/wind/weap/kind/test_polearm.py::test_polearm[face.wind.rule: Configuring weapon - Polearm - Staff of Homa] PASSED [ 76%]
test/face/wind/weap/kind/test_polearm.py::test_polearm[face.wind.rule: Configuring weapon - Polearm - Vortex Vanquisher] PASSED [ 76%]
test/face/wind/weap/kind/test_polearm.py::test_polearm[face.wind.rule: Configuring weapon - Polearm - Halberd] PASSED [ 76%]
test/face/wind/weap/kind/test_polearm.py::test_polearm[face.wind.rule: Configuring weapon - Polearm - Crescent Pike] PASSED [ 76%]
test/face/wind/weap/kind/test_polearm.py::test_polearm[face.wind.rule: Configuring weapon - Polearm - Favonius Lance] PASSED [ 76%]
test/face/wind/weap/kind/test_polearm.py::test_polearm[face.wind.rule: Configuring weapon - Polearm - Kitain Cross Spear] PASSED [ 77%]
test/face/wind/weap/kind/test_polearm.py::test_polearm[face.wind.rule: Configuring weapon - Polearm - Lithic Spear] PASSED [ 77%]
test/face/wind/weap/kind/test_polearm.py::test_polearm[face.wind.rule: Configuring weapon - Polearm - Moonpiercer] PASSED [ 77%]
test/face/wind/weap/kind/test_polearm.py::test_polearm[face.wind.rule: Configuring weapon - Polearm - Mountain-Bracing Bolt] PASSED [ 77%]
test/face/wind/weap/kind/test_polearm.py::test_polearm[face.wind.rule: Configuring weapon - Polearm - Prospector's Drill] PASSED [ 77%]
test/face/wind/weap/kind/test_polearm.py::test_polearm[face.wind.rule: Configuring weapon - Polearm - Rightful Reward] PASSED [ 77%]
test/face/wind/weap/kind/test_polearm.py::test_polearm[face.wind.rule: Configuring weapon - Polearm - Royal Spear] PASSED [ 77%]
test/face/wind/weap/kind/test_polearm.py::test_polearm[face.wind.rule: Configuring weapon - Polearm - Crimson Moon's Semblance] PASSED [ 77%]
test/face/wind/weap/kind/test_polearm.py::test_polearm[face.wind.rule: Configuring weapon - Polearm - Primordial Jade Winged-Spear] PASSED [ 77%]
test/face/wind/weap/kind/test_polearm.py::test_polearm[face.wind.rule: Configuring weapon - Polearm - Skyward Spine] PASSED [ 77%]
test/face/wind/weap/kind/test_polearm.py::test_polearm[face.wind.rule: Configuring weapon - Polearm - Wavebreaker's Fin] PASSED [ 77%]
test/face/wind/weap/kind/test_polearm.py::test_polearm[face.wind.rule: Configuring weapon - Polearm - Calamity Queller] PASSED [ 77%]
test/face/wind/weap/kind/test_sword.py::test_sword[face.wind.rule: Configuring weapon - Sword - Skyrider Sword] PASSED [ 77%]
test/face/wind/weap/kind/test_sword.py::test_sword[face.wind.rule: Configuring weapon - Sword - Amenoma Kageuchi] PASSED [ 78%]
test/face/wind/weap/kind/test_sword.py::test_sword[face.wind.rule: Configuring weapon - Sword - Cinnabar Spindle] PASSED [ 78%]
test/face/wind/weap/kind/test_sword.py::test_sword[face.wind.rule: Configuring weapon - Sword - Favonius Sword] PASSED [ 78%]
test/face/wind/weap/kind/test_sword.py::test_sword[face.wind.rule: Configuring weapon - Sword - Flute of Ezpitzal] PASSED [ 78%]
test/face/wind/weap/kind/test_sword.py::test_sword[face.wind.rule: Configuring weapon - Sword - Sacrificial Sword] PASSED [ 78%]
test/face/wind/weap/kind/test_sword.py::test_sword[face.wind.rule: Configuring weapon - Sword - Key of Khaj-Nisut] PASSED [ 78%]
test/face/wind/weap/kind/test_sword.py::test_sword[face.wind.rule: Configuring weapon - Sword - Light of Foliar Incision] PASSED [ 78%]
test/face/wind/weap/kind/test_sword.py::test_sword[face.wind.rule: Configuring weapon - Sword - Peak Patrol Song] PASSED [ 78%]
test/face/wind/weap/kind/test_sword.py::test_sword[face.wind.rule: Configuring weapon - Sword - Primordial Jade Cutter] PASSED [ 78%]
test/face/wind/weap/kind/test_sword.py::test_sword[face.wind.rule: Configuring weapon - Sword - Splendor of Tranquil Waters] PASSED [ 78%]
test/face/wind/weap/kind/test_sword.py::test_sword[face.wind.rule: Configuring weapon - Sword - Uraku Misugiri] PASSED [ 78%]
test/face/wind/weap/kind/test_sword.py::test_sword[face.wind.rule: Configuring weapon - Sword - Dull Blade] PASSED [ 78%]
test/face/wind/weap/kind/test_sword.py::test_sword[face.wind.rule: Configuring weapon - Sword - Silver Sword] PASSED [ 78%]
test/face/wind/weap/kind/test_sword.py::test_sword[face.wind.rule: Configuring weapon - Sword - Cool Steel] PASSED [ 78%]
test/face/wind/weap/kind/test_sword.py::test_sword[face.wind.rule: Configuring weapon - Sword - Dark Iron Sword] PASSED [ 79%]
test/face/wind/weap/kind/test_sword.py::test_sword[face.wind.rule: Configuring weapon - Sword - Fillet Blade] PASSED [ 79%]
test/face/wind/weap/kind/test_sword.py::test_sword[face.wind.rule: Configuring weapon - Sword - Harbinger of Dawn] PASSED [ 79%]
test/face/wind/weap/kind/test_sword.py::test_sword[face.wind.rule: Configuring weapon - Sword - Festering Desire] PASSED [ 79%]
test/face/wind/weap/kind/test_sword.py::test_sword[face.wind.rule: Configuring weapon - Sword - Fleuve Cendre Ferryman] PASSED [ 79%]
test/face/wind/weap/kind/test_sword.py::test_sword[face.wind.rule: Configuring weapon - Sword - Iron Sting] PASSED [ 79%]
test/face/wind/weap/kind/test_sword.py::test_sword[face.wind.rule: Configuring weapon - Sword - Kagotsurube Isshin] PASSED [ 79%]
test/face/wind/weap/kind/test_sword.py::test_sword[face.wind.rule: Configuring weapon - Sword - Lion's Roar] PASSED [ 79%]
test/face/wind/weap/kind/test_sword.py::test_sword[face.wind.rule: Configuring weapon - Sword - Royal Longsword] PASSED [ 79%]
test/face/wind/weap/kind/test_sword.py::test_sword[face.wind.rule: Configuring weapon - Sword - Sword of Narzissenkreuz] PASSED [ 79%]
test/face/wind/weap/kind/test_sword.py::test_sword[face.wind.rule: Configuring weapon - Sword - The Black Sword] PASSED [ 79%]
test/face/wind/weap/kind/test_sword.py::test_sword[face.wind.rule: Configuring weapon - Sword - The Dockhand's Assistant] PASSED [ 79%]
test/face/wind/weap/kind/test_sword.py::test_sword[face.wind.rule: Configuring weapon - Sword - The Flute] PASSED [ 79%]
test/face/wind/weap/kind/test_sword.py::test_sword[face.wind.rule: Configuring weapon - Sword - Toukabou Shigure] PASSED [ 80%]
test/face/wind/weap/kind/test_sword.py::test_sword[face.wind.rule: Configuring weapon - Sword - Wolf-Fang] PASSED [ 80%]
test/face/wind/weap/kind/test_sword.py::test_sword[face.wind.rule: Configuring weapon - Sword - Xiphos' Moonlight] PASSED [ 80%]
test/face/wind/weap/kind/test_sword.py::test_sword[face.wind.rule: Configuring weapon - Sword - Freedom-Sworn] PASSED [ 80%]
test/face/wind/weap/kind/test_sword.py::test_sword[face.wind.rule: Configuring weapon - Sword - Haran Geppaku Futsu] PASSED [ 80%]
test/face/wind/weap/kind/test_sword.py::test_sword[face.wind.rule: Configuring weapon - Sword - Skyward Blade] PASSED [ 80%]
test/face/wind/weap/kind/test_sword.py::test_sword[face.wind.rule: Configuring weapon - Sword - Summit Shaper] PASSED [ 80%]
test/face/wind/weap/kind/test_sword.py::test_sword[face.wind.rule: Configuring weapon - Sword - Traveler's Handy Sword] PASSED [ 80%]
test/face/wind/weap/kind/test_sword.py::test_sword[face.wind.rule: Configuring weapon - Sword - Blackcliff Longsword] PASSED [ 80%]
test/face/wind/weap/kind/test_sword.py::test_sword[face.wind.rule: Configuring weapon - Sword - Finale of the Deep] PASSED [ 80%]
test/face/wind/weap/kind/test_sword.py::test_sword[face.wind.rule: Configuring weapon - Sword - Prototype Rancour] PASSED [ 80%]
test/face/wind/weap/kind/test_sword.py::test_sword[face.wind.rule: Configuring weapon - Sword - Sapwood Blade] PASSED [ 80%]
test/face/wind/weap/kind/test_sword.py::test_sword[face.wind.rule: Configuring weapon - Sword - Sturdy Bone] PASSED [ 80%]
test/face/wind/weap/kind/test_sword.py::test_sword[face.wind.rule: Configuring weapon - Sword - Absolution] PASSED [ 80%]
test/face/wind/weap/kind/test_sword.py::test_sword[face.wind.rule: Configuring weapon - Sword - Aquila Favonia] PASSED [ 81%]
test/face/wind/weap/kind/test_sword.py::test_sword[face.wind.rule: Configuring weapon - Sword - Mistsplitter Reforged] PASSED [ 81%]
test/face/wind/weap/kind/test_sword.py::test_sword[face.wind.rule: Configuring weapon - Sword - The Alley Flash] PASSED [ 81%]
test/face/wind/weap/test_file.py::test_weap_save[face.wind.rule: Saving a random weapon of bow type] PASSED [ 81%]
test/face/wind/weap/test_file.py::test_weap_save[face.wind.rule: Saving a random weapon of catalyst type] PASSED [ 81%]
test/face/wind/weap/test_file.py::test_weap_save[face.wind.rule: Saving a random weapon of claymore type] PASSED [ 81%]
test/face/wind/weap/test_file.py::test_weap_save[face.wind.rule: Saving a random weapon of polearm type] PASSED [ 81%]
test/face/wind/weap/test_file.py::test_weap_save[face.wind.rule: Saving a random weapon of sword type] PASSED [ 81%]
test/face/wind/weap/test_file.py::test_weap_save_fail[face.wind.rule: Failing to save a random weapon of bow type] PASSED [ 81%]
test/face/wind/weap/test_file.py::test_weap_save_fail[face.wind.rule: Failing to save a random weapon of catalyst type] PASSED [ 81%]
test/face/wind/weap/test_file.py::test_weap_save_fail[face.wind.rule: Failing to save a random weapon of claymore type] PASSED [ 81%]
test/face/wind/weap/test_file.py::test_weap_save_fail[face.wind.rule: Failing to save a random weapon of polearm type] PASSED [ 81%]
test/face/wind/weap/test_file.py::test_weap_save_fail[face.wind.rule: Failing to save a random weapon of sword type] PASSED [ 81%]
test/face/wind/weap/test_file.py::test_weap_load_yaml[face.wind.rule: Loading a weapon of bow type from YAML data] PASSED [ 82%]
test/face/wind/weap/test_file.py::test_weap_load_yaml[face.wind.rule: Loading a weapon of catalyst type from YAML data] PASSED [ 82%]
test/face/wind/weap/test_file.py::test_weap_load_yaml[face.wind.rule: Loading a weapon of claymore type from YAML data] PASSED [ 82%]
test/face/wind/weap/test_file.py::test_weap_load_yaml[face.wind.rule: Loading a weapon of polearm type from YAML data] PASSED [ 82%]
test/face/wind/weap/test_file.py::test_weap_load_yaml[face.wind.rule: Loading a weapon of sword type from YAML data] PASSED [ 82%]
test/face/wind/weap/test_file.py::test_weap_load_json[face.wind.rule: Loading a weapon of bow type from JSON data] PASSED [ 82%]
test/face/wind/weap/test_file.py::test_weap_load_json[face.wind.rule: Loading a weapon of catalyst type from JSON data] PASSED [ 82%]
test/face/wind/weap/test_file.py::test_weap_load_json[face.wind.rule: Loading a weapon of claymore type from JSON data] PASSED [ 82%]
test/face/wind/weap/test_file.py::test_weap_load_json[face.wind.rule: Loading a weapon of polearm type from JSON data] PASSED [ 82%]
test/face/wind/weap/test_file.py::test_weap_load_json[face.wind.rule: Loading a weapon of sword type from JSON data] PASSED [ 82%]
test/face/wind/weap/test_file.py::test_weap_load_nope[face.wind.rule: Cancelling loading a weapon of bow type from YAML data] PASSED [ 82%]
test/face/wind/weap/test_file.py::test_weap_load_nope[face.wind.rule: Cancelling loading a weapon of catalyst type from YAML data] PASSED [ 82%]
test/face/wind/weap/test_file.py::test_weap_load_nope[face.wind.rule: Cancelling loading a weapon of claymore type from YAML data] PASSED [ 82%]
test/face/wind/weap/test_file.py::test_weap_load_nope[face.wind.rule: Cancelling loading a weapon of polearm type from YAML data] PASSED [ 82%]
test/face/wind/weap/test_file.py::test_weap_load_nope[face.wind.rule: Cancelling loading a weapon of sword type from YAML data] PASSED [ 83%]
test/face/wind/weap/test_file.py::test_team_load_void[face.wind.rule: Loading a weapon of bow type from an empty file] PASSED [ 83%]
test/face/wind/weap/test_file.py::test_team_load_void[face.wind.rule: Loading a weapon of catalyst type from an empty file] PASSED [ 83%]
test/face/wind/weap/test_file.py::test_team_load_void[face.wind.rule: Loading a weapon of claymore type from an empty file] PASSED [ 83%]
test/face/wind/weap/test_file.py::test_team_load_void[face.wind.rule: Loading a weapon of polearm type from an empty file] PASSED [ 83%]
test/face/wind/weap/test_file.py::test_team_load_void[face.wind.rule: Loading a weapon of sword type from an empty file] PASSED [ 83%]
test/face/wind/weap/test_file.py::test_weap_load_fail_type[face.wind.rule: Failing to load a weapon of bow type from YAML data due to type mismatch] PASSED [ 83%]
test/face/wind/weap/test_file.py::test_weap_load_fail_type[face.wind.rule: Failing to load a weapon of catalyst type from YAML data due to type mismatch] PASSED [ 83%]
test/face/wind/weap/test_file.py::test_weap_load_fail_type[face.wind.rule: Failing to load a weapon of claymore type from YAML data due to type mismatch] PASSED [ 83%]
test/face/wind/weap/test_file.py::test_weap_load_fail_type[face.wind.rule: Failing to load a weapon of polearm type from YAML data due to type mismatch] PASSED [ 83%]
test/face/wind/weap/test_file.py::test_weap_load_fail_type[face.wind.rule: Failing to load a weapon of sword type from YAML data due to type mismatch] PASSED [ 83%]
test/face/wind/weap/test_file.py::test_weap_load_fail_type[face.wind.rule: Failing to load a weapon of bow type from JSON data due to type mismatch] PASSED [ 83%]
test/face/wind/weap/test_file.py::test_weap_load_fail_type[face.wind.rule: Failing to load a weapon of catalyst type from JSON data due to type mismatch] PASSED [ 83%]
test/face/wind/weap/test_file.py::test_weap_load_fail_type[face.wind.rule: Failing to load a weapon of claymore type from JSON data due to type mismatch] PASSED [ 84%]
test/face/wind/weap/test_file.py::test_weap_load_fail_type[face.wind.rule: Failing to load a weapon of polearm type from JSON data due to type mismatch] PASSED [ 84%]
test/face/wind/weap/test_file.py::test_weap_load_fail_type[face.wind.rule: Failing to load a weapon of sword type from JSON data due to type mismatch] PASSED [ 84%]
test/face/wind/weap/test_file.py::test_weap_load_fail_name[face.wind.rule: Failing to load a weapon of bow type from YAML data due to incorrect name] PASSED [ 84%]
test/face/wind/weap/test_file.py::test_weap_load_fail_name[face.wind.rule: Failing to load a weapon of catalyst type from YAML data due to incorrect name] PASSED [ 84%]
test/face/wind/weap/test_file.py::test_weap_load_fail_name[face.wind.rule: Failing to load a weapon of claymore type from YAML data due to incorrect name] PASSED [ 84%]
test/face/wind/weap/test_file.py::test_weap_load_fail_name[face.wind.rule: Failing to load a weapon of polearm type from YAML data due to incorrect name] PASSED [ 84%]
test/face/wind/weap/test_file.py::test_weap_load_fail_name[face.wind.rule: Failing to load a weapon of sword type from YAML data due to incorrect name] PASSED [ 84%]
test/face/wind/weap/test_file.py::test_weap_load_fail_name[face.wind.rule: Failing to load a weapon of bow type from JSON data due to incorrect name] PASSED [ 84%]
test/face/wind/weap/test_file.py::test_weap_load_fail_name[face.wind.rule: Failing to load a weapon of catalyst type from JSON data due to incorrect name] PASSED [ 84%]
test/face/wind/weap/test_file.py::test_weap_load_fail_name[face.wind.rule: Failing to load a weapon of claymore type from JSON data due to incorrect name] PASSED [ 84%]
test/face/wind/weap/test_file.py::test_weap_load_fail_name[face.wind.rule: Failing to load a weapon of polearm type from JSON data due to incorrect name] PASSED [ 84%]
test/face/wind/weap/test_file.py::test_weap_load_fail_name[face.wind.rule: Failing to load a weapon of sword type from JSON data due to incorrect name] PASSED [ 84%]
test/face/wind/weap/test_file.py::test_weap_load_fail_levl[face.wind.rule: Failing to load a weapon of bow type from YAML data due to incorrect level] PASSED [ 85%]
test/face/wind/weap/test_file.py::test_weap_load_fail_levl[face.wind.rule: Failing to load a weapon of catalyst type from YAML data due to incorrect level] PASSED [ 85%]
test/face/wind/weap/test_file.py::test_weap_load_fail_levl[face.wind.rule: Failing to load a weapon of claymore type from YAML data due to incorrect level] PASSED [ 85%]
test/face/wind/weap/test_file.py::test_weap_load_fail_levl[face.wind.rule: Failing to load a weapon of polearm type from YAML data due to incorrect level] PASSED [ 85%]
test/face/wind/weap/test_file.py::test_weap_load_fail_levl[face.wind.rule: Failing to load a weapon of sword type from YAML data due to incorrect level] PASSED [ 85%]
test/face/wind/weap/test_file.py::test_weap_load_fail_levl[face.wind.rule: Failing to load a weapon of bow type from JSON data due to incorrect level] PASSED [ 85%]
test/face/wind/weap/test_file.py::test_weap_load_fail_levl[face.wind.rule: Failing to load a weapon of catalyst type from JSON data due to incorrect level] PASSED [ 85%]
test/face/wind/weap/test_file.py::test_weap_load_fail_levl[face.wind.rule: Failing to load a weapon of claymore type from JSON data due to incorrect level] PASSED [ 85%]
test/face/wind/weap/test_file.py::test_weap_load_fail_levl[face.wind.rule: Failing to load a weapon of polearm type from JSON data due to incorrect level] PASSED [ 85%]
test/face/wind/weap/test_file.py::test_weap_load_fail_levl[face.wind.rule: Failing to load a weapon of sword type from JSON data due to incorrect level] PASSED [ 85%]
test/face/wind/weap/test_file.py::test_weap_load_fail_refn[face.wind.rule: Failing to load a weapon of bow type from YAML data due to incorrect refinement] PASSED [ 85%]
test/face/wind/weap/test_file.py::test_weap_load_fail_refn[face.wind.rule: Failing to load a weapon of catalyst type from YAML data due to incorrect refinement] PASSED [ 85%]
test/face/wind/weap/test_file.py::test_weap_load_fail_refn[face.wind.rule: Failing to load a weapon of claymore type from YAML data due to incorrect refinement] PASSED [ 85%]
test/face/wind/weap/test_file.py::test_weap_load_fail_refn[face.wind.rule: Failing to load a weapon of polearm type from YAML data due to incorrect refinement] PASSED [ 85%]
test/face/wind/weap/test_file.py::test_weap_load_fail_refn[face.wind.rule: Failing to load a weapon of sword type from YAML data due to incorrect refinement] PASSED [ 86%]
test/face/wind/weap/test_file.py::test_weap_load_fail_refn[face.wind.rule: Failing to load a weapon of bow type from JSON data due to incorrect refinement] PASSED [ 86%]
test/face/wind/weap/test_file.py::test_weap_load_fail_refn[face.wind.rule: Failing to load a weapon of catalyst type from JSON data due to incorrect refinement] PASSED [ 86%]
test/face/wind/weap/test_file.py::test_weap_load_fail_refn[face.wind.rule: Failing to load a weapon of claymore type from JSON data due to incorrect refinement] PASSED [ 86%]
test/face/wind/weap/test_file.py::test_weap_load_fail_refn[face.wind.rule: Failing to load a weapon of polearm type from JSON data due to incorrect refinement] PASSED [ 86%]
test/face/wind/weap/test_file.py::test_weap_load_fail_refn[face.wind.rule: Failing to load a weapon of sword type from JSON data due to incorrect refinement] PASSED [ 86%]
test/face/wind/weap/test_file.py::test_weap_save_yaml_actual[face.wind.rule: Saving a random weapon of bow type actually as a YAML file] PASSED [ 86%]
test/face/wind/weap/test_file.py::test_weap_save_yaml_actual[face.wind.rule: Saving a random weapon of catalyst type actually as a YAML file] PASSED [ 86%]
test/face/wind/weap/test_file.py::test_weap_save_yaml_actual[face.wind.rule: Saving a random weapon of claymore type actually as a YAML file] PASSED [ 86%]
test/face/wind/weap/test_file.py::test_weap_save_yaml_actual[face.wind.rule: Saving a random weapon of polearm type actually as a YAML file] PASSED [ 86%]
test/face/wind/weap/test_file.py::test_weap_save_yaml_actual[face.wind.rule: Saving a random weapon of sword type actually as a YAML file] PASSED [ 86%]
test/face/wind/weap/test_file.py::test_weap_save_json_actual[face.wind.rule: Saving a random weapon of bow type actually as a JSON file] PASSED [ 86%]
test/face/wind/weap/test_file.py::test_weap_save_json_actual[face.wind.rule: Saving a random weapon of catalyst type actually as a JSON file] PASSED [ 86%]
test/face/wind/weap/test_file.py::test_weap_save_json_actual[face.wind.rule: Saving a random weapon of claymore type actually as a JSON file] PASSED [ 87%]
test/face/wind/weap/test_file.py::test_weap_save_json_actual[face.wind.rule: Saving a random weapon of polearm type actually as a JSON file] PASSED [ 87%]
test/face/wind/weap/test_file.py::test_weap_save_json_actual[face.wind.rule: Saving a random weapon of sword type actually as a JSON file] PASSED [ 87%]
test/face/wind/weap/test_file.py::test_weap_load_yaml_actual[face.wind.rule: Loading a weapon of bow type actually from YAML file] PASSED [ 87%]
test/face/wind/weap/test_file.py::test_weap_load_yaml_actual[face.wind.rule: Loading a weapon of catalyst type actually from YAML file] PASSED [ 87%]
test/face/wind/weap/test_file.py::test_weap_load_yaml_actual[face.wind.rule: Loading a weapon of claymore type actually from YAML file] PASSED [ 87%]
test/face/wind/weap/test_file.py::test_weap_load_yaml_actual[face.wind.rule: Loading a weapon of polearm type actually from YAML file] PASSED [ 87%]
test/face/wind/weap/test_file.py::test_weap_load_yaml_actual[face.wind.rule: Loading a weapon of sword type actually from YAML file] PASSED [ 87%]
test/face/wind/weap/test_file.py::test_weap_load_json_actual[face.wind.rule: Loading a weapon of bow type actually from JSON file] PASSED [ 87%]
test/face/wind/weap/test_file.py::test_weap_load_json_actual[face.wind.rule: Loading a weapon of catalyst type actually from JSON file] PASSED [ 87%]
test/face/wind/weap/test_file.py::test_weap_load_json_actual[face.wind.rule: Loading a weapon of claymore type actually from JSON file] PASSED [ 87%]
test/face/wind/weap/test_file.py::test_weap_load_json_actual[face.wind.rule: Loading a weapon of polearm type actually from JSON file] PASSED [ 87%]
test/face/wind/weap/test_file.py::test_weap_load_json_actual[face.wind.rule: Loading a weapon of sword type actually from JSON file] PASSED [ 87%]
test/test_main.py::test_load_custom_font[main: Attempt loading the custom fonts] PASSED [ 87%]
test/type/test_char.py::test_char[type.char.cons: Constellation 0] PASSED [ 88%]
test/type/test_char.py::test_char[type.char.cons: Constellation 1] PASSED [ 88%]
test/type/test_char.py::test_char[type.char.cons: Constellation 2] PASSED [ 88%]
test/type/test_char.py::test_char[type.char.cons: Constellation 3] PASSED [ 88%]
test/type/test_char.py::test_char[type.char.cons: Constellation 4] PASSED [ 88%]
test/type/test_char.py::test_char[type.char.cons: Constellation 5] PASSED [ 88%]
test/type/test_char.py::test_char[type.char.cons: Constellation 6] PASSED [ 88%]
test/type/test_levl.py::test_levl[type.levl: Level 01/20 (Rank 0)] PASSED [ 88%]
test/type/test_levl.py::test_levl[type.levl: Level 02/20 (Rank 0)] PASSED [ 88%]
test/type/test_levl.py::test_levl[type.levl: Level 03/20 (Rank 0)] PASSED [ 88%]
test/type/test_levl.py::test_levl[type.levl: Level 04/20 (Rank 0)] PASSED [ 88%]
test/type/test_levl.py::test_levl[type.levl: Level 05/20 (Rank 0)] PASSED [ 88%]
test/type/test_levl.py::test_levl[type.levl: Level 06/20 (Rank 0)] PASSED [ 88%]
test/type/test_levl.py::test_levl[type.levl: Level 07/20 (Rank 0)] PASSED [ 89%]
test/type/test_levl.py::test_levl[type.levl: Level 08/20 (Rank 0)] PASSED [ 89%]
test/type/test_levl.py::test_levl[type.levl: Level 09/20 (Rank 0)] PASSED [ 89%]
test/type/test_levl.py::test_levl[type.levl: Level 10/20 (Rank 0)] PASSED [ 89%]
test/type/test_levl.py::test_levl[type.levl: Level 11/20 (Rank 0)] PASSED [ 89%]
test/type/test_levl.py::test_levl[type.levl: Level 12/20 (Rank 0)] PASSED [ 89%]
test/type/test_levl.py::test_levl[type.levl: Level 13/20 (Rank 0)] PASSED [ 89%]
test/type/test_levl.py::test_levl[type.levl: Level 14/20 (Rank 0)] PASSED [ 89%]
test/type/test_levl.py::test_levl[type.levl: Level 15/20 (Rank 0)] PASSED [ 89%]
test/type/test_levl.py::test_levl[type.levl: Level 16/20 (Rank 0)] PASSED [ 89%]
test/type/test_levl.py::test_levl[type.levl: Level 17/20 (Rank 0)] PASSED [ 89%]
test/type/test_levl.py::test_levl[type.levl: Level 18/20 (Rank 0)] PASSED [ 89%]
test/type/test_levl.py::test_levl[type.levl: Level 19/20 (Rank 0)] PASSED [ 89%]
test/type/test_levl.py::test_levl[type.levl: Level 20/20 (Rank 0)] PASSED [ 90%]
test/type/test_levl.py::test_levl[type.levl: Level 20/40 (Rank 1)] PASSED [ 90%]
test/type/test_levl.py::test_levl[type.levl: Level 21/40 (Rank 1)] PASSED [ 90%]
test/type/test_levl.py::test_levl[type.levl: Level 22/40 (Rank 1)] PASSED [ 90%]
test/type/test_levl.py::test_levl[type.levl: Level 23/40 (Rank 1)] PASSED [ 90%]
test/type/test_levl.py::test_levl[type.levl: Level 24/40 (Rank 1)] PASSED [ 90%]
test/type/test_levl.py::test_levl[type.levl: Level 25/40 (Rank 1)] PASSED [ 90%]
test/type/test_levl.py::test_levl[type.levl: Level 26/40 (Rank 1)] PASSED [ 90%]
test/type/test_levl.py::test_levl[type.levl: Level 27/40 (Rank 1)] PASSED [ 90%]
test/type/test_levl.py::test_levl[type.levl: Level 28/40 (Rank 1)] PASSED [ 90%]
test/type/test_levl.py::test_levl[type.levl: Level 29/40 (Rank 1)] PASSED [ 90%]
test/type/test_levl.py::test_levl[type.levl: Level 30/40 (Rank 1)] PASSED [ 90%]
test/type/test_levl.py::test_levl[type.levl: Level 31/40 (Rank 1)] PASSED [ 90%]
test/type/test_levl.py::test_levl[type.levl: Level 32/40 (Rank 1)] PASSED [ 90%]
test/type/test_levl.py::test_levl[type.levl: Level 33/40 (Rank 1)] PASSED [ 91%]
test/type/test_levl.py::test_levl[type.levl: Level 34/40 (Rank 1)] PASSED [ 91%]
test/type/test_levl.py::test_levl[type.levl: Level 35/40 (Rank 1)] PASSED [ 91%]
test/type/test_levl.py::test_levl[type.levl: Level 36/40 (Rank 1)] PASSED [ 91%]
test/type/test_levl.py::test_levl[type.levl: Level 37/40 (Rank 1)] PASSED [ 91%]
test/type/test_levl.py::test_levl[type.levl: Level 38/40 (Rank 1)] PASSED [ 91%]
test/type/test_levl.py::test_levl[type.levl: Level 39/40 (Rank 1)] PASSED [ 91%]
test/type/test_levl.py::test_levl[type.levl: Level 40/40 (Rank 1)] PASSED [ 91%]
test/type/test_levl.py::test_levl[type.levl: Level 40/50 (Rank 2)] PASSED [ 91%]
test/type/test_levl.py::test_levl[type.levl: Level 41/50 (Rank 2)] PASSED [ 91%]
test/type/test_levl.py::test_levl[type.levl: Level 42/50 (Rank 2)] PASSED [ 91%]
test/type/test_levl.py::test_levl[type.levl: Level 43/50 (Rank 2)] PASSED [ 91%]
test/type/test_levl.py::test_levl[type.levl: Level 44/50 (Rank 2)] PASSED [ 91%]
test/type/test_levl.py::test_levl[type.levl: Level 45/50 (Rank 2)] PASSED [ 92%]
test/type/test_levl.py::test_levl[type.levl: Level 46/50 (Rank 2)] PASSED [ 92%]
test/type/test_levl.py::test_levl[type.levl: Level 47/50 (Rank 2)] PASSED [ 92%]
test/type/test_levl.py::test_levl[type.levl: Level 48/50 (Rank 2)] PASSED [ 92%]
test/type/test_levl.py::test_levl[type.levl: Level 49/50 (Rank 2)] PASSED [ 92%]
test/type/test_levl.py::test_levl[type.levl: Level 50/50 (Rank 2)] PASSED [ 92%]
test/type/test_levl.py::test_levl[type.levl: Level 50/60 (Rank 3)] PASSED [ 92%]
test/type/test_levl.py::test_levl[type.levl: Level 51/60 (Rank 3)] PASSED [ 92%]
test/type/test_levl.py::test_levl[type.levl: Level 52/60 (Rank 3)] PASSED [ 92%]
test/type/test_levl.py::test_levl[type.levl: Level 53/60 (Rank 3)] PASSED [ 92%]
test/type/test_levl.py::test_levl[type.levl: Level 54/60 (Rank 3)] PASSED [ 92%]
test/type/test_levl.py::test_levl[type.levl: Level 55/60 (Rank 3)] PASSED [ 92%]
test/type/test_levl.py::test_levl[type.levl: Level 56/60 (Rank 3)] PASSED [ 92%]
test/type/test_levl.py::test_levl[type.levl: Level 57/60 (Rank 3)] PASSED [ 92%]
test/type/test_levl.py::test_levl[type.levl: Level 58/60 (Rank 3)] PASSED [ 93%]
test/type/test_levl.py::test_levl[type.levl: Level 59/60 (Rank 3)] PASSED [ 93%]
test/type/test_levl.py::test_levl[type.levl: Level 60/60 (Rank 3)] PASSED [ 93%]
test/type/test_levl.py::test_levl[type.levl: Level 60/70 (Rank 4)] PASSED [ 93%]
test/type/test_levl.py::test_levl[type.levl: Level 61/70 (Rank 4)] PASSED [ 93%]
test/type/test_levl.py::test_levl[type.levl: Level 62/70 (Rank 4)] PASSED [ 93%]
test/type/test_levl.py::test_levl[type.levl: Level 63/70 (Rank 4)] PASSED [ 93%]
test/type/test_levl.py::test_levl[type.levl: Level 64/70 (Rank 4)] PASSED [ 93%]
test/type/test_levl.py::test_levl[type.levl: Level 65/70 (Rank 4)] PASSED [ 93%]
test/type/test_levl.py::test_levl[type.levl: Level 66/70 (Rank 4)] PASSED [ 93%]
test/type/test_levl.py::test_levl[type.levl: Level 67/70 (Rank 4)] PASSED [ 93%]
test/type/test_levl.py::test_levl[type.levl: Level 68/70 (Rank 4)] PASSED [ 93%]
test/type/test_levl.py::test_levl[type.levl: Level 69/70 (Rank 4)] PASSED [ 93%]
test/type/test_levl.py::test_levl[type.levl: Level 70/70 (Rank 4)] PASSED [ 94%]
test/type/test_levl.py::test_levl[type.levl: Level 70/80 (Rank 5)] PASSED [ 94%]
test/type/test_levl.py::test_levl[type.levl: Level 71/80 (Rank 5)] PASSED [ 94%]
test/type/test_levl.py::test_levl[type.levl: Level 72/80 (Rank 5)] PASSED [ 94%]
test/type/test_levl.py::test_levl[type.levl: Level 73/80 (Rank 5)] PASSED [ 94%]
test/type/test_levl.py::test_levl[type.levl: Level 74/80 (Rank 5)] PASSED [ 94%]
test/type/test_levl.py::test_levl[type.levl: Level 75/80 (Rank 5)] PASSED [ 94%]
test/type/test_levl.py::test_levl[type.levl: Level 76/80 (Rank 5)] PASSED [ 94%]
test/type/test_levl.py::test_levl[type.levl: Level 77/80 (Rank 5)] PASSED [ 94%]
test/type/test_levl.py::test_levl[type.levl: Level 78/80 (Rank 5)] PASSED [ 94%]
test/type/test_levl.py::test_levl[type.levl: Level 79/80 (Rank 5)] PASSED [ 94%]
test/type/test_levl.py::test_levl[type.levl: Level 80/80 (Rank 5)] PASSED [ 94%]
test/type/test_levl.py::test_levl[type.levl: Level 80/90 (Rank 6)] PASSED [ 94%]
test/type/test_levl.py::test_levl[type.levl: Level 81/90 (Rank 6)] PASSED [ 95%]
test/type/test_levl.py::test_levl[type.levl: Level 82/90 (Rank 6)] PASSED [ 95%]
test/type/test_levl.py::test_levl[type.levl: Level 83/90 (Rank 6)] PASSED [ 95%]
test/type/test_levl.py::test_levl[type.levl: Level 84/90 (Rank 6)] PASSED [ 95%]
test/type/test_levl.py::test_levl[type.levl: Level 85/90 (Rank 6)] PASSED [ 95%]
test/type/test_levl.py::test_levl[type.levl: Level 86/90 (Rank 6)] PASSED [ 95%]
test/type/test_levl.py::test_levl[type.levl: Level 87/90 (Rank 6)] PASSED [ 95%]
test/type/test_levl.py::test_levl[type.levl: Level 88/90 (Rank 6)] PASSED [ 95%]
test/type/test_levl.py::test_levl[type.levl: Level 89/90 (Rank 6)] PASSED [ 95%]
test/type/test_levl.py::test_levl[type.levl: Level 90/90 (Rank 6)] PASSED [ 95%]
test/type/test_rank.py::test_rank[type.rank: Rank 0] PASSED              [ 95%]
test/type/test_rank.py::test_rank[type.rank: Rank 1] PASSED              [ 95%]
test/type/test_rank.py::test_rank[type.rank: Rank 2] PASSED              [ 95%]
test/type/test_rank.py::test_rank[type.rank: Rank 3] PASSED              [ 95%]
test/type/test_rank.py::test_rank[type.rank: Rank 4] PASSED              [ 96%]
test/type/test_rank.py::test_rank[type.rank: Rank 5] PASSED              [ 96%]
test/type/test_rank.py::test_rank[type.rank: Rank 6] PASSED              [ 96%]
test/type/test_rare.py::test_rare[type.rare: Star 0] PASSED              [ 96%]
test/type/test_rare.py::test_rare[type.rare: Star 1] PASSED              [ 96%]
test/type/test_rare.py::test_rare[type.rare: Star 2] PASSED              [ 96%]
test/type/test_rare.py::test_rare[type.rare: Star 3] PASSED              [ 96%]
test/type/test_rare.py::test_rare[type.rare: Star 4] PASSED              [ 96%]
test/type/test_rare.py::test_rare[type.rare: Star 5] PASSED              [ 96%]
test/type/test_stat.py::test_attr[type.stat: ATK] PASSED                 [ 96%]
test/type/test_stat.py::test_attr[type.stat: ATK %] PASSED               [ 96%]
test/type/test_stat.py::test_attr[type.stat: DEF] PASSED                 [ 96%]
test/type/test_stat.py::test_attr[type.stat: DEF %] PASSED               [ 96%]
test/type/test_stat.py::test_attr[type.stat: HP] PASSED                  [ 97%]
test/type/test_stat.py::test_attr[type.stat: HP %] PASSED                [ 97%]
test/type/test_stat.py::test_attr[type.stat: Elemental Mastery] PASSED   [ 97%]
test/type/test_stat.py::test_attr[type.stat: Energy Recharge] PASSED     [ 97%]
test/type/test_stat.py::test_attr[type.stat: Geo DMG Bonus] PASSED       [ 97%]
test/type/test_stat.py::test_attr[type.stat: Geo RES] PASSED             [ 97%]
test/type/test_stat.py::test_attr[type.stat: Pyro DMG Bonus] PASSED      [ 97%]
test/type/test_stat.py::test_attr[type.stat: Pyro RES] PASSED            [ 97%]
test/type/test_stat.py::test_attr[type.stat: Cryo DMG Bonus] PASSED      [ 97%]
test/type/test_stat.py::test_attr[type.stat: Cryo RES] PASSED            [ 97%]
test/type/test_stat.py::test_attr[type.stat: Anemo DMG Bonus] PASSED     [ 97%]
test/type/test_stat.py::test_attr[type.stat: Anemo RES] PASSED           [ 97%]
test/type/test_stat.py::test_attr[type.stat: Hydro DMG Bonus] PASSED     [ 97%]
test/type/test_stat.py::test_attr[type.stat: Hydro RES] PASSED           [ 97%]
test/type/test_stat.py::test_attr[type.stat: Dendro DMG Bonus] PASSED    [ 98%]
test/type/test_stat.py::test_attr[type.stat: Dendro RES] PASSED          [ 98%]
test/type/test_stat.py::test_attr[type.stat: Electro DMG Bonus] PASSED   [ 98%]
test/type/test_stat.py::test_attr[type.stat: Electro RES] PASSED         [ 98%]
test/type/test_stat.py::test_attr[type.stat: Physical DMG Bonus] PASSED  [ 98%]
test/type/test_stat.py::test_attr[type.stat: Physical RES] PASSED        [ 98%]
test/type/test_stat.py::test_attr[type.stat: Crit Rate] PASSED           [ 98%]
test/type/test_stat.py::test_attr[type.stat: Crit DMG] PASSED            [ 98%]
test/type/test_stat.py::test_attr[type.stat: Incoming Healing Bonus] PASSED [ 98%]
test/type/test_stat.py::test_attr[type.stat: Healing Bonus] PASSED       [ 98%]
test/type/test_stat.py::test_attr[type.stat: Shield Strength] PASSED     [ 98%]
test/type/test_stat.py::test_attr[type.stat: CD Reduction] PASSED        [ 98%]
test/type/test_stat.py::test_attr[type.stat: None] PASSED                [ 98%]
test/type/test_vson.py::test_vson[type.vson: Anemo] PASSED               [ 99%]
test/type/test_vson.py::test_vson[type.vson: Cryo] PASSED                [ 99%]
test/type/test_vson.py::test_vson[type.vson: Dendro] PASSED              [ 99%]
test/type/test_vson.py::test_vson[type.vson: Electro] PASSED             [ 99%]
test/type/test_vson.py::test_vson[type.vson: Geo] PASSED                 [ 99%]
test/type/test_vson.py::test_vson[type.vson: Hydro] PASSED               [ 99%]
test/type/test_vson.py::test_vson[type.vson: Pyro] PASSED                [ 99%]
test/type/test_vson.py::test_vson[type.vson: None] PASSED                [ 99%]
test/type/test_weap.py::test_weap[type.weap: Bow] PASSED                 [ 99%]
test/type/test_weap.py::test_weap[type.weap: Catalyst] PASSED            [ 99%]
test/type/test_weap.py::test_weap[type.weap: Claymore] PASSED            [ 99%]
test/type/test_weap.py::test_weap[type.weap: Polearm] PASSED             [ 99%]
test/type/test_weap.py::test_weap[type.weap: Sword] PASSED               [ 99%]
test/type/test_weap.py::test_weap[type.weap: none] PASSED                [100%]

==================================== ERRORS ====================================
_ ERROR at teardown of test_scan_arti_load[face.scan.rule: Test OCR functionality] _
TEARDOWN ERROR: Exceptions caught in Qt event loop:
________________________________________________________________________________
Traceback (most recent call last):
  File "/home/taki/gi-loadouts/gi_loadouts/face/wind/util.py", line 17, in <lambda>
    QTimer.singleShot(conf.stattime, lambda: status_bar.showMessage(orig))
                                             ^^^^^^^^^^^^^^^^^^^^^^^^^^^^
RuntimeError: Internal C++ object (PySide6.QtWidgets.QStatusBar) already deleted.
________________________________________________________________________________

----------------------------- Captured stderr call -----------------------------
Exceptions caught in Qt event loop:
________________________________________________________________________________
Traceback (most recent call last):
  File "/home/taki/gi-loadouts/gi_loadouts/face/wind/util.py", line 17, in <lambda>
    QTimer.singleShot(conf.stattime, lambda: status_bar.showMessage(orig))
                                             ^^^^^^^^^^^^^^^^^^^^^^^^^^^^
RuntimeError: Internal C++ object (PySide6.QtWidgets.QStatusBar) already deleted.
________________________________________________________________________________
=================================== FAILURES ===================================
_________ test_scan_arti_load[face.scan.rule: Test OCR functionality] __________

    def check_label():
        """
        Checking the interface elements change asynchronously
        """
        assert scantest.arti_text.text() == "Browse your local storage to load a high quality screenshot of your artifact and the statistics will automatically be computed from there."
>       assert scantest.arti_type.currentText() == "Shimenawa's Reminiscence"
E       assert 'Adventurer' == "Shimenawa's Reminiscence"
E         
E         - Shimenawa's Reminiscence
E         + Adventurer

test/face/scan/test_scan.py:187: AssertionError

The above exception was the direct cause of the following exception:

scantest = <gi_loadouts.face.scan.main.ScanDialog(0x55fe17bf3ea0, name="scan") at 0x7faedbf536c0>
qtbot = <pytestqt.qtbot.QtBot object at 0x7faedc081f40>
mocker = <pytest_mock.plugin.MockerFixture object at 0x7faedc081850>, _ = None

    @pytest.mark.parametrize(
        "_",
        [
            pytest.param(None, id="face.scan.rule: Test OCR functionality")
        ]
    )
    def test_scan_arti_load(scantest: ScanDialog, qtbot: QtBot, mocker: MockerFixture, _: None) -> None:
        """
        Test initial OCR functionality
    
        :return:
        """
    
        """
        Create the Tesseract training data
        """
        mocker.patch("gi_loadouts.conf.data_prefix", f"{uuid4().hex.upper()[0:8]}-")
        make_temp_file()
    
        """
        Perform the action of loading the artifact information
        """
        tempfile = "test/static/gi-loadouts-ocr-test-sdoe.png"
        savefile = NamedTemporaryFile(prefix="gi-loadouts-ocr-test-sdoe-", suffix=".png", delete=False, mode="wb")
        with open(tempfile, "rb") as src_file:
            savefile.write(src_file.read())
        savefile.close()
        mocker.patch.object(QFileDialog, "getOpenFileName", return_value=(savefile.name, ""))
        qtbot.mouseClick(scantest.arti_cnvs_load, Qt.LeftButton)
    
        """
        Confirm if the user interface elements change accordingly
        """
        def check_label():
            """
            Checking the interface elements change asynchronously
            """
            assert scantest.arti_text.text() == "Browse your local storage to load a high quality screenshot of your artifact and the statistics will automatically be computed from there."
            assert scantest.arti_type.currentText() == "Shimenawa's Reminiscence"
            assert scantest.arti_levl.currentText() == "Level 20"
            assert scantest.arti_rare.currentText() == "Star 5"
            assert scantest.arti_type_name.text() == "Morning Dew's Moment"
            assert scantest.arti_name_main.currentText() == "Energy Recharge"
            assert scantest.arti_data_main.text() == "51.8"
            assert scantest.arti_name_a.currentText() == "Elemental Mastery"
            assert scantest.arti_data_a.text() == "23.0"
            assert scantest.arti_name_b.currentText() == "Crit Rate"
            assert scantest.arti_data_b.text() == "6.6"
            assert scantest.arti_name_c.currentText() == "Crit DMG"
            assert scantest.arti_data_c.text() == "21.0"
            assert scantest.arti_name_d.currentText() == "HP %"
            assert scantest.arti_data_d.text() == "13.4"
    
>       qtbot.waitUntil(check_label, timeout=10000)
E       pytestqt.exceptions.TimeoutError: waitUntil timed out in 10000 milliseconds

test/face/scan/test_scan.py:202: TimeoutError
----------------------------- Captured stderr call -----------------------------
Exceptions caught in Qt event loop:
________________________________________________________________________________
Traceback (most recent call last):
  File "/home/taki/gi-loadouts/gi_loadouts/face/wind/util.py", line 17, in <lambda>
    QTimer.singleShot(conf.stattime, lambda: status_bar.showMessage(orig))
                                             ^^^^^^^^^^^^^^^^^^^^^^^^^^^^
RuntimeError: Internal C++ object (PySide6.QtWidgets.QStatusBar) already deleted.
________________________________________________________________________________
_ test_scan_import_arti[face.scan.rule: Importing Sands of Eon artifact information in MainWindow] _

scantest = <gi_loadouts.face.scan.main.ScanDialog(0x55fe05e716a0, name="scan") at 0x7faef81aecc0>
qtbot = <pytestqt.qtbot.QtBot object at 0x7faedc779c40>
mocker = <pytest_mock.plugin.MockerFixture object at 0x7faef9bf6f90>
dist = 'Sands of Eon', part = 'sdoe'

    @pytest.mark.parametrize(
        "dist, part",
        [
            pytest.param("Flower of Life", "fwol", id="face.scan.rule: Importing Flower of Life artifact information in MainWindow"),
            pytest.param("Plume of Death", "pmod", id="face.scan.rule: Importing Plume of Death artifact information in MainWindow"),
            pytest.param("Sands of Eon", "sdoe", id="face.scan.rule: Importing Sands of Eon artifact information in MainWindow"),
            pytest.param("Goblet of Eonothem", "gboe", id="face.scan.rule: Importing Goblet of Eonothem artifact information in MainWindow"),
            pytest.param("Circlet of Logos", "ccol", id="face.scan.rule: Importing Circlet of Logos artifact information in MainWindow")
        ]
    )
    def test_scan_import_arti(scantest: ScanDialog, qtbot: QtBot, mocker: MockerFixture, dist: str, part: str) -> None:
        """
        Test importing artifact information in MainWindow
    
        :return:
        """
    
        """
        Create the Tesseract training data
        """
        mocker.patch("gi_loadouts.conf.data_prefix", f"{uuid4().hex.upper()[0:8]}-")
        make_temp_file()
    
        """
        Perform the action of loading the artifact information
        """
        tempfile = f"test/static/gi-loadouts-ocr-test-{part}.png"
        savefile = NamedTemporaryFile(prefix=f"gi-loadouts-ocr-test-{part}", suffix=".png", delete=False, mode="wb")
        with open(tempfile, "rb") as src_file:
            savefile.write(src_file.read())
        savefile.close()
        mocker.patch.object(QFileDialog, "getOpenFileName", return_value=(savefile.name, ""))
        qtbot.mouseClick(scantest.arti_cnvs_load, Qt.LeftButton)
    
        init = scantest.arti_type.currentText()
        qtbot.waitUntil(lambda: scantest.arti_type.currentText() != init, timeout=10000)
    
        """
        Perform the action of importing artifact info in MainWindow
        """
        qtbot.mouseClick(scantest.arti_back_done, Qt.LeftButton)
    
        """
        Confirm if the user interface elements change accordingly
        """
>       assert scantest.keep_info() == __rtrn__[dist]
E       AssertionError: assert {'levl': 'Lev...=13.4)}}, ...} == {'levl': 'Lev...=13.4)}}, ...}
E         
E         Omitting 4 identical items, use -vv to show
E         Differing items:
E         {'stat': {'main': ATTR(stat_name=<STAT.attack_perc: 'ATK %'>, stat_data=46.6), 'seco': {'a': ATTR(stat_name=<STAT.elem...al_damage_perc: 'Crit DMG'>, stat_data=21.0), 'd': ATTR(stat_name=<STAT.health_points_perc: 'HP %'>, stat_data=13.4)}}} != {'stat': {'main': ATTR(stat_name=<STAT.energy_recharge_perc: 'Energy Recharge'>, stat_data=51.8), 'seco': {'a': ATTR(s...al_damage_perc: 'Crit DMG'>, stat_data=21.0), 'd': ATTR(stat_name=<STAT.health_points_perc: 'HP %'>, stat_data=13.4)}}}
E         
E         Full diff:
E           {...
E         
E         ...Full output truncated (15 lines hidden), use '-vv' to show

test/face/scan/test_scan.py:512: AssertionError
_ test_scan_import_arti[face.scan.rule: Importing Circlet of Logos artifact information in MainWindow] _

scantest = <gi_loadouts.face.scan.main.ScanDialog(0x55fe17b805e0, name="scan") at 0x7faef81df940>
qtbot = <pytestqt.qtbot.QtBot object at 0x7faedc7794f0>
mocker = <pytest_mock.plugin.MockerFixture object at 0x7faedc779af0>
dist = 'Circlet of Logos', part = 'ccol'

    @pytest.mark.parametrize(
        "dist, part",
        [
            pytest.param("Flower of Life", "fwol", id="face.scan.rule: Importing Flower of Life artifact information in MainWindow"),
            pytest.param("Plume of Death", "pmod", id="face.scan.rule: Importing Plume of Death artifact information in MainWindow"),
            pytest.param("Sands of Eon", "sdoe", id="face.scan.rule: Importing Sands of Eon artifact information in MainWindow"),
            pytest.param("Goblet of Eonothem", "gboe", id="face.scan.rule: Importing Goblet of Eonothem artifact information in MainWindow"),
            pytest.param("Circlet of Logos", "ccol", id="face.scan.rule: Importing Circlet of Logos artifact information in MainWindow")
        ]
    )
    def test_scan_import_arti(scantest: ScanDialog, qtbot: QtBot, mocker: MockerFixture, dist: str, part: str) -> None:
        """
        Test importing artifact information in MainWindow
    
        :return:
        """
    
        """
        Create the Tesseract training data
        """
        mocker.patch("gi_loadouts.conf.data_prefix", f"{uuid4().hex.upper()[0:8]}-")
        make_temp_file()
    
        """
        Perform the action of loading the artifact information
        """
        tempfile = f"test/static/gi-loadouts-ocr-test-{part}.png"
        savefile = NamedTemporaryFile(prefix=f"gi-loadouts-ocr-test-{part}", suffix=".png", delete=False, mode="wb")
        with open(tempfile, "rb") as src_file:
            savefile.write(src_file.read())
        savefile.close()
        mocker.patch.object(QFileDialog, "getOpenFileName", return_value=(savefile.name, ""))
        qtbot.mouseClick(scantest.arti_cnvs_load, Qt.LeftButton)
    
        init = scantest.arti_type.currentText()
        qtbot.waitUntil(lambda: scantest.arti_type.currentText() != init, timeout=10000)
    
        """
        Perform the action of importing artifact info in MainWindow
        """
        qtbot.mouseClick(scantest.arti_back_done, Qt.LeftButton)
    
        """
        Confirm if the user interface elements change accordingly
        """
>       assert scantest.keep_info() == __rtrn__[dist]
E       AssertionError: assert {'levl': 'Lev...=53.0)}}, ...} == {'levl': 'Lev...=53.0)}}, ...}
E         
E         Omitting 2 identical items, use -vv to show
E         Differing items:
E         {'levl': 'Level 15'} != {'levl': 'Level 20'}
E         {'stat': {'main': ATTR(stat_name=<STAT.critical_rate_perc: 'Crit Rate'>, stat_data=22.0), 'seco': {'a': ATTR(stat_name...TR(stat_name=<STAT.health_points: 'HP'>, stat_data=717.0), 'd': ATTR(stat_name=<STAT.attack: 'ATK'>, stat_data=53.0)}}} != {'stat': {'main': ATTR(stat_name=<STAT.critical_rate_perc: 'Crit Rate'>, stat_data=31.1), 'seco': {'a': ATTR(stat_name...TR(stat_name=<STAT.health_points: 'HP'>, stat_data=717.0), 'd': ATTR(stat_name=<STAT.attack: 'ATK'>, stat_data=53.0)}}}
E         {'rare': 'Star 4'} != {'rare': 'Star 5'}
E         ...
E         
E         ...Full output truncated (25 lines hidden), use '-vv' to show

test/face/scan/test_scan.py:512: AssertionError
=========================== short test summary info ============================
FAILED test/face/scan/test_scan.py::test_scan_arti_load[face.scan.rule: Test OCR functionality]
FAILED test/face/scan/test_scan.py::test_scan_import_arti[face.scan.rule: Importing Sands of Eon artifact information in MainWindow]
FAILED test/face/scan/test_scan.py::test_scan_import_arti[face.scan.rule: Importing Circlet of Logos artifact information in MainWindow]
ERROR test/face/scan/test_scan.py::test_scan_arti_load[face.scan.rule: Test OCR functionality]
============= 3 failed, 1338 passed, 1 error in 275.84s (0:04:35) ==============
